Information: Checking out the license 'DesignWare'. (SEC-104)
Information: Changed wire load model for 'encoder_add' from '(none)' to 'ForQA'. (OPT-170)
Information: Changed wire load model for 'fp16adder' from '(none)' to 'ForQA'. (OPT-170)
Information: Changed wire load model for 'encoder' from '(none)' to 'ForQA'. (OPT-170)
Information: Changed wire load model for 'G_cell' from '(none)' to 'ForQA'. (OPT-170)
Information: Changed wire load model for 'G_cell' from '(none)' to 'ForQA'. (OPT-170)
Information: Changed wire load model for 'G_cell' from '(none)' to 'ForQA'. (OPT-170)
Information: Changed wire load model for 'G_cell' from '(none)' to 'ForQA'. (OPT-170)
Information: Changed wire load model for 'G_cell' from '(none)' to 'ForQA'. (OPT-170)
Information: Changed wire load model for 'buffer' from '(none)' to 'ForQA'. (OPT-170)
Information: Changed wire load model for 'buffer' from '(none)' to 'ForQA'. (OPT-170)
Information: Changed wire load model for 'buffer' from '(none)' to 'ForQA'. (OPT-170)
Information: Changed wire load model for 'buffer' from '(none)' to 'ForQA'. (OPT-170)
Information: Changed wire load model for 'B_cell' from '(none)' to 'ForQA'. (OPT-170)
Information: Changed wire load model for 'B_cell' from '(none)' to 'ForQA'. (OPT-170)
Information: Changed wire load model for 'B_cell' from '(none)' to 'ForQA'. (OPT-170)
Information: Changed wire load model for 'B_cell' from '(none)' to 'ForQA'. (OPT-170)
Information: Changed wire load model for 'B_cell' from '(none)' to 'ForQA'. (OPT-170)
Information: Changed wire load model for 'G_cell' from '(none)' to 'ForQA'. (OPT-170)
Information: Changed wire load model for 'G_cell' from '(none)' to 'ForQA'. (OPT-170)
Information: Changed wire load model for 'G_cell' from '(none)' to 'ForQA'. (OPT-170)
Information: Changed wire load model for 'G_cell' from '(none)' to 'ForQA'. (OPT-170)
Information: Changed wire load model for 'buffer' from '(none)' to 'ForQA'. (OPT-170)
Information: Changed wire load model for 'buffer' from '(none)' to 'ForQA'. (OPT-170)
Information: Changed wire load model for 'B_cell' from '(none)' to 'ForQA'. (OPT-170)
Information: Changed wire load model for 'B_cell' from '(none)' to 'ForQA'. (OPT-170)
Information: Changed wire load model for 'B_cell' from '(none)' to 'ForQA'. (OPT-170)
Information: Changed wire load model for 'B_cell' from '(none)' to 'ForQA'. (OPT-170)
Information: Changed wire load model for 'B_cell' from '(none)' to 'ForQA'. (OPT-170)
Information: Changed wire load model for 'B_cell' from '(none)' to 'ForQA'. (OPT-170)
Information: Changed wire load model for 'B_cell' from '(none)' to 'ForQA'. (OPT-170)
Information: Changed wire load model for 'B_cell' from '(none)' to 'ForQA'. (OPT-170)
Information: Changed wire load model for 'B_cell' from '(none)' to 'ForQA'. (OPT-170)
Information: Changed wire load model for 'G_cell' from '(none)' to 'ForQA'. (OPT-170)
Information: Changed wire load model for 'G_cell' from '(none)' to 'ForQA'. (OPT-170)
Information: Changed wire load model for 'buffer' from '(none)' to 'ForQA'. (OPT-170)
Information: Changed wire load model for 'B_cell' from '(none)' to 'ForQA'. (OPT-170)
Information: Changed wire load model for 'B_cell' from '(none)' to 'ForQA'. (OPT-170)
Information: Changed wire load model for 'B_cell' from '(none)' to 'ForQA'. (OPT-170)
Information: Changed wire load model for 'B_cell' from '(none)' to 'ForQA'. (OPT-170)
Information: Changed wire load model for 'B_cell' from '(none)' to 'ForQA'. (OPT-170)
Information: Changed wire load model for 'B_cell' from '(none)' to 'ForQA'. (OPT-170)
Information: Changed wire load model for 'B_cell' from '(none)' to 'ForQA'. (OPT-170)
Information: Changed wire load model for 'B_cell' from '(none)' to 'ForQA'. (OPT-170)
Information: Changed wire load model for 'B_cell' from '(none)' to 'ForQA'. (OPT-170)
Information: Changed wire load model for 'B_cell' from '(none)' to 'ForQA'. (OPT-170)
Information: Changed wire load model for 'B_cell' from '(none)' to 'ForQA'. (OPT-170)
Information: Changed wire load model for 'G_cell' from '(none)' to 'ForQA'. (OPT-170)
Information: Changed wire load model for 'kogge_stone_Nbit_NOCLK_bw12' from '(none)' to 'ForQA'. (OPT-170)
Information: Changed wire load model for 'G_Cell' from '(none)' to 'ForQA'. (OPT-170)
Information: Changed wire load model for 'G_Cell' from '(none)' to 'ForQA'. (OPT-170)
Information: Changed wire load model for 'G_Cell' from '(none)' to 'ForQA'. (OPT-170)
Information: Changed wire load model for 'G_Cell' from '(none)' to 'ForQA'. (OPT-170)
Information: Changed wire load model for 'G_Cell' from '(none)' to 'ForQA'. (OPT-170)
Information: Changed wire load model for 'G_Cell' from '(none)' to 'ForQA'. (OPT-170)
Information: Changed wire load model for 'G_Cell' from '(none)' to 'ForQA'. (OPT-170)
Information: Changed wire load model for 'G_Cell' from '(none)' to 'ForQA'. (OPT-170)
Information: Changed wire load model for 'G_Cell' from '(none)' to 'ForQA'. (OPT-170)
Information: Changed wire load model for 'G_Cell' from '(none)' to 'ForQA'. (OPT-170)
Information: Changed wire load model for 'G_Cell' from '(none)' to 'ForQA'. (OPT-170)
Information: Changed wire load model for 'G_Cell' from '(none)' to 'ForQA'. (OPT-170)
Information: Changed wire load model for 'G_Cell' from '(none)' to 'ForQA'. (OPT-170)
Information: Changed wire load model for 'G_Cell' from '(none)' to 'ForQA'. (OPT-170)
Information: Changed wire load model for 'G_Cell' from '(none)' to 'ForQA'. (OPT-170)
Information: Changed wire load model for 'G_Cell' from '(none)' to 'ForQA'. (OPT-170)
Information: Changed wire load model for 'RCA_bw16' from '(none)' to 'ForQA'. (OPT-170)
Information: Changed wire load model for 'G_Cell' from '(none)' to 'ForQA'. (OPT-170)
Information: Changed wire load model for 'G_Cell' from '(none)' to 'ForQA'. (OPT-170)
Information: Changed wire load model for 'G_Cell' from '(none)' to 'ForQA'. (OPT-170)
Information: Changed wire load model for 'G_Cell' from '(none)' to 'ForQA'. (OPT-170)
Information: Changed wire load model for 'G_Cell' from '(none)' to 'ForQA'. (OPT-170)
Information: Changed wire load model for 'G_Cell' from '(none)' to 'ForQA'. (OPT-170)
Information: Changed wire load model for 'G_Cell' from '(none)' to 'ForQA'. (OPT-170)
Information: Changed wire load model for 'G_Cell' from '(none)' to 'ForQA'. (OPT-170)
Information: Changed wire load model for 'G_Cell' from '(none)' to 'ForQA'. (OPT-170)
Information: Changed wire load model for 'G_Cell' from '(none)' to 'ForQA'. (OPT-170)
Information: Changed wire load model for 'G_Cell' from '(none)' to 'ForQA'. (OPT-170)
Information: Changed wire load model for 'RCA_bw11' from '(none)' to 'ForQA'. (OPT-170)
Information: Changed wire load model for 'G_Cell' from '(none)' to 'ForQA'. (OPT-170)
Information: Changed wire load model for 'G_Cell' from '(none)' to 'ForQA'. (OPT-170)
Information: Changed wire load model for 'G_Cell' from '(none)' to 'ForQA'. (OPT-170)
Information: Changed wire load model for 'G_Cell' from '(none)' to 'ForQA'. (OPT-170)
Information: Changed wire load model for 'G_Cell' from '(none)' to 'ForQA'. (OPT-170)
Information: Changed wire load model for 'G_Cell' from '(none)' to 'ForQA'. (OPT-170)
Information: Changed wire load model for 'G_Cell' from '(none)' to 'ForQA'. (OPT-170)
Information: Changed wire load model for 'G_Cell' from '(none)' to 'ForQA'. (OPT-170)
Information: Changed wire load model for 'G_Cell' from '(none)' to 'ForQA'. (OPT-170)
Information: Changed wire load model for 'RCA_bw9' from '(none)' to 'ForQA'. (OPT-170)
Information: Changed wire load model for 'G_Cell' from '(none)' to 'ForQA'. (OPT-170)
Information: Changed wire load model for 'G_Cell' from '(none)' to 'ForQA'. (OPT-170)
Information: Changed wire load model for 'G_Cell' from '(none)' to 'ForQA'. (OPT-170)
Information: Changed wire load model for 'G_Cell' from '(none)' to 'ForQA'. (OPT-170)
Information: Changed wire load model for 'G_Cell' from '(none)' to 'ForQA'. (OPT-170)
Information: Changed wire load model for 'G_Cell' from '(none)' to 'ForQA'. (OPT-170)
Information: Changed wire load model for 'G_Cell' from '(none)' to 'ForQA'. (OPT-170)
Information: Changed wire load model for 'G_Cell' from '(none)' to 'ForQA'. (OPT-170)
Information: Changed wire load model for 'RCA_bw8' from '(none)' to 'ForQA'. (OPT-170)
Information: Changed wire load model for 'G_Cell' from '(none)' to 'ForQA'. (OPT-170)
Information: Changed wire load model for 'G_Cell' from '(none)' to 'ForQA'. (OPT-170)
Information: Changed wire load model for 'G_Cell' from '(none)' to 'ForQA'. (OPT-170)
Information: Changed wire load model for 'G_Cell' from '(none)' to 'ForQA'. (OPT-170)
Information: Changed wire load model for 'G_Cell' from '(none)' to 'ForQA'. (OPT-170)
Information: Changed wire load model for 'G_Cell' from '(none)' to 'ForQA'. (OPT-170)
Information: Changed wire load model for 'G_Cell' from '(none)' to 'ForQA'. (OPT-170)
Information: Changed wire load model for 'G_Cell' from '(none)' to 'ForQA'. (OPT-170)
Information: Changed wire load model for 'RCA_bw8' from '(none)' to 'ForQA'. (OPT-170)
Information: Changed wire load model for 'full_adder' from '(none)' to 'ForQA'. (OPT-170)
Information: Changed wire load model for 'full_adder' from '(none)' to 'ForQA'. (OPT-170)
Information: Changed wire load model for 'Adder5' from '(none)' to 'ForQA'. (OPT-170)
Information: Changed wire load model for 'full_adder' from '(none)' to 'ForQA'. (OPT-170)
Information: Changed wire load model for 'full_adder' from '(none)' to 'ForQA'. (OPT-170)
Information: Changed wire load model for 'full_adder' from '(none)' to 'ForQA'. (OPT-170)
Information: Changed wire load model for 'Adder4' from '(none)' to 'ForQA'. (OPT-170)
Information: Changed wire load model for 'full_adder' from '(none)' to 'ForQA'. (OPT-170)
Information: Changed wire load model for 'half_adder' from '(none)' to 'ForQA'. (OPT-170)
Information: Changed wire load model for 'half_adder' from '(none)' to 'ForQA'. (OPT-170)
Information: Changed wire load model for 'full_adder' from '(none)' to 'ForQA'. (OPT-170)
Information: Changed wire load model for 'half_adder' from '(none)' to 'ForQA'. (OPT-170)
Information: Changed wire load model for 'Adder3' from '(none)' to 'ForQA'. (OPT-170)
Information: Changed wire load model for 'full_adder' from '(none)' to 'ForQA'. (OPT-170)
Information: Changed wire load model for 'half_adder' from '(none)' to 'ForQA'. (OPT-170)
Information: Changed wire load model for 'half_adder' from '(none)' to 'ForQA'. (OPT-170)
Information: Changed wire load model for 'half_adder' from '(none)' to 'ForQA'. (OPT-170)
Information: Changed wire load model for 'Adder2' from '(none)' to 'ForQA'. (OPT-170)
Information: Changed wire load model for 'half_adder' from '(none)' to 'ForQA'. (OPT-170)
Information: Changed wire load model for 'vedic_4bit' from '(none)' to 'ForQA'. (OPT-170)
Information: Changed wire load model for 'G_Cell' from '(none)' to 'ForQA'. (OPT-170)
Information: Changed wire load model for 'G_Cell' from '(none)' to 'ForQA'. (OPT-170)
Information: Changed wire load model for 'G_Cell' from '(none)' to 'ForQA'. (OPT-170)
Information: Changed wire load model for 'G_Cell' from '(none)' to 'ForQA'. (OPT-170)
Information: Changed wire load model for 'RCA_bw4' from '(none)' to 'ForQA'. (OPT-170)
Information: Changed wire load model for 'G_Cell' from '(none)' to 'ForQA'. (OPT-170)
Information: Changed wire load model for 'G_Cell' from '(none)' to 'ForQA'. (OPT-170)
Information: Changed wire load model for 'G_Cell' from '(none)' to 'ForQA'. (OPT-170)
Information: Changed wire load model for 'G_Cell' from '(none)' to 'ForQA'. (OPT-170)
Information: Changed wire load model for 'RCA_bw4' from '(none)' to 'ForQA'. (OPT-170)
Information: Changed wire load model for 'full_adder' from '(none)' to 'ForQA'. (OPT-170)
Information: Changed wire load model for 'full_adder' from '(none)' to 'ForQA'. (OPT-170)
Information: Changed wire load model for 'Adder5' from '(none)' to 'ForQA'. (OPT-170)
Information: Changed wire load model for 'full_adder' from '(none)' to 'ForQA'. (OPT-170)
Information: Changed wire load model for 'full_adder' from '(none)' to 'ForQA'. (OPT-170)
Information: Changed wire load model for 'full_adder' from '(none)' to 'ForQA'. (OPT-170)
Information: Changed wire load model for 'Adder4' from '(none)' to 'ForQA'. (OPT-170)
Information: Changed wire load model for 'full_adder' from '(none)' to 'ForQA'. (OPT-170)
Information: Changed wire load model for 'half_adder' from '(none)' to 'ForQA'. (OPT-170)
Information: Changed wire load model for 'half_adder' from '(none)' to 'ForQA'. (OPT-170)
Information: Changed wire load model for 'full_adder' from '(none)' to 'ForQA'. (OPT-170)
Information: Changed wire load model for 'half_adder' from '(none)' to 'ForQA'. (OPT-170)
Information: Changed wire load model for 'Adder3' from '(none)' to 'ForQA'. (OPT-170)
Information: Changed wire load model for 'full_adder' from '(none)' to 'ForQA'. (OPT-170)
Information: Changed wire load model for 'half_adder' from '(none)' to 'ForQA'. (OPT-170)
Information: Changed wire load model for 'half_adder' from '(none)' to 'ForQA'. (OPT-170)
Information: Changed wire load model for 'half_adder' from '(none)' to 'ForQA'. (OPT-170)
Information: Changed wire load model for 'Adder2' from '(none)' to 'ForQA'. (OPT-170)
Information: Changed wire load model for 'half_adder' from '(none)' to 'ForQA'. (OPT-170)
Information: Changed wire load model for 'vedic_4bit' from '(none)' to 'ForQA'. (OPT-170)
Information: Changed wire load model for 'full_adder' from '(none)' to 'ForQA'. (OPT-170)
Information: Changed wire load model for 'full_adder' from '(none)' to 'ForQA'. (OPT-170)
Information: Changed wire load model for 'Adder5' from '(none)' to 'ForQA'. (OPT-170)
Information: Changed wire load model for 'full_adder' from '(none)' to 'ForQA'. (OPT-170)
Information: Changed wire load model for 'full_adder' from '(none)' to 'ForQA'. (OPT-170)
Information: Changed wire load model for 'full_adder' from '(none)' to 'ForQA'. (OPT-170)
Information: Changed wire load model for 'Adder4' from '(none)' to 'ForQA'. (OPT-170)
Information: Changed wire load model for 'full_adder' from '(none)' to 'ForQA'. (OPT-170)
Information: Changed wire load model for 'half_adder' from '(none)' to 'ForQA'. (OPT-170)
Information: Changed wire load model for 'half_adder' from '(none)' to 'ForQA'. (OPT-170)
Information: Changed wire load model for 'full_adder' from '(none)' to 'ForQA'. (OPT-170)
Information: Changed wire load model for 'half_adder' from '(none)' to 'ForQA'. (OPT-170)
Information: Changed wire load model for 'Adder3' from '(none)' to 'ForQA'. (OPT-170)
Information: Changed wire load model for 'full_adder' from '(none)' to 'ForQA'. (OPT-170)
Information: Changed wire load model for 'half_adder' from '(none)' to 'ForQA'. (OPT-170)
Information: Changed wire load model for 'half_adder' from '(none)' to 'ForQA'. (OPT-170)
Information: Changed wire load model for 'half_adder' from '(none)' to 'ForQA'. (OPT-170)
Information: Changed wire load model for 'Adder2' from '(none)' to 'ForQA'. (OPT-170)
Information: Changed wire load model for 'half_adder' from '(none)' to 'ForQA'. (OPT-170)
Information: Changed wire load model for 'vedic_4bit' from '(none)' to 'ForQA'. (OPT-170)
Information: Changed wire load model for 'karastuba_6bit' from '(none)' to 'ForQA'. (OPT-170)
Information: Changed wire load model for 'G_Cell' from '(none)' to 'ForQA'. (OPT-170)
Information: Changed wire load model for 'G_Cell' from '(none)' to 'ForQA'. (OPT-170)
Information: Changed wire load model for 'G_Cell' from '(none)' to 'ForQA'. (OPT-170)
Information: Changed wire load model for 'G_Cell' from '(none)' to 'ForQA'. (OPT-170)
Information: Changed wire load model for 'G_Cell' from '(none)' to 'ForQA'. (OPT-170)
Information: Changed wire load model for 'G_Cell' from '(none)' to 'ForQA'. (OPT-170)
Information: Changed wire load model for 'G_Cell' from '(none)' to 'ForQA'. (OPT-170)
Information: Changed wire load model for 'G_Cell' from '(none)' to 'ForQA'. (OPT-170)
Information: Changed wire load model for 'G_Cell' from '(none)' to 'ForQA'. (OPT-170)
Information: Changed wire load model for 'RCA_bw9' from '(none)' to 'ForQA'. (OPT-170)
Information: Changed wire load model for 'G_Cell' from '(none)' to 'ForQA'. (OPT-170)
Information: Changed wire load model for 'G_Cell' from '(none)' to 'ForQA'. (OPT-170)
Information: Changed wire load model for 'G_Cell' from '(none)' to 'ForQA'. (OPT-170)
Information: Changed wire load model for 'G_Cell' from '(none)' to 'ForQA'. (OPT-170)
Information: Changed wire load model for 'G_Cell' from '(none)' to 'ForQA'. (OPT-170)
Information: Changed wire load model for 'G_Cell' from '(none)' to 'ForQA'. (OPT-170)
Information: Changed wire load model for 'G_Cell' from '(none)' to 'ForQA'. (OPT-170)
Information: Changed wire load model for 'G_Cell' from '(none)' to 'ForQA'. (OPT-170)
Information: Changed wire load model for 'RCA_bw8' from '(none)' to 'ForQA'. (OPT-170)
Information: Changed wire load model for 'G_Cell' from '(none)' to 'ForQA'. (OPT-170)
Information: Changed wire load model for 'G_Cell' from '(none)' to 'ForQA'. (OPT-170)
Information: Changed wire load model for 'G_Cell' from '(none)' to 'ForQA'. (OPT-170)
Information: Changed wire load model for 'G_Cell' from '(none)' to 'ForQA'. (OPT-170)
Information: Changed wire load model for 'G_Cell' from '(none)' to 'ForQA'. (OPT-170)
Information: Changed wire load model for 'G_Cell' from '(none)' to 'ForQA'. (OPT-170)
Information: Changed wire load model for 'G_Cell' from '(none)' to 'ForQA'. (OPT-170)
Information: Changed wire load model for 'G_Cell' from '(none)' to 'ForQA'. (OPT-170)
Information: Changed wire load model for 'RCA_bw8' from '(none)' to 'ForQA'. (OPT-170)
Information: Changed wire load model for 'full_adder' from '(none)' to 'ForQA'. (OPT-170)
Information: Changed wire load model for 'full_adder' from '(none)' to 'ForQA'. (OPT-170)
Information: Changed wire load model for 'Adder5' from '(none)' to 'ForQA'. (OPT-170)
Information: Changed wire load model for 'full_adder' from '(none)' to 'ForQA'. (OPT-170)
Information: Changed wire load model for 'full_adder' from '(none)' to 'ForQA'. (OPT-170)
Information: Changed wire load model for 'full_adder' from '(none)' to 'ForQA'. (OPT-170)
Information: Changed wire load model for 'Adder4' from '(none)' to 'ForQA'. (OPT-170)
Information: Changed wire load model for 'full_adder' from '(none)' to 'ForQA'. (OPT-170)
Information: Changed wire load model for 'half_adder' from '(none)' to 'ForQA'. (OPT-170)
Information: Changed wire load model for 'half_adder' from '(none)' to 'ForQA'. (OPT-170)
Information: Changed wire load model for 'full_adder' from '(none)' to 'ForQA'. (OPT-170)
Information: Changed wire load model for 'half_adder' from '(none)' to 'ForQA'. (OPT-170)
Information: Changed wire load model for 'Adder3' from '(none)' to 'ForQA'. (OPT-170)
Information: Changed wire load model for 'full_adder' from '(none)' to 'ForQA'. (OPT-170)
Information: Changed wire load model for 'half_adder' from '(none)' to 'ForQA'. (OPT-170)
Information: Changed wire load model for 'half_adder' from '(none)' to 'ForQA'. (OPT-170)
Information: Changed wire load model for 'half_adder' from '(none)' to 'ForQA'. (OPT-170)
Information: Changed wire load model for 'Adder2' from '(none)' to 'ForQA'. (OPT-170)
Information: Changed wire load model for 'half_adder' from '(none)' to 'ForQA'. (OPT-170)
Information: Changed wire load model for 'vedic_4bit' from '(none)' to 'ForQA'. (OPT-170)
Information: Changed wire load model for 'G_Cell' from '(none)' to 'ForQA'. (OPT-170)
Information: Changed wire load model for 'G_Cell' from '(none)' to 'ForQA'. (OPT-170)
Information: Changed wire load model for 'G_Cell' from '(none)' to 'ForQA'. (OPT-170)
Information: Changed wire load model for 'G_Cell' from '(none)' to 'ForQA'. (OPT-170)
Information: Changed wire load model for 'RCA_bw4' from '(none)' to 'ForQA'. (OPT-170)
Information: Changed wire load model for 'G_Cell' from '(none)' to 'ForQA'. (OPT-170)
Information: Changed wire load model for 'G_Cell' from '(none)' to 'ForQA'. (OPT-170)
Information: Changed wire load model for 'G_Cell' from '(none)' to 'ForQA'. (OPT-170)
Information: Changed wire load model for 'G_Cell' from '(none)' to 'ForQA'. (OPT-170)
Information: Changed wire load model for 'RCA_bw4' from '(none)' to 'ForQA'. (OPT-170)
Information: Changed wire load model for 'full_adder' from '(none)' to 'ForQA'. (OPT-170)
Information: Changed wire load model for 'full_adder' from '(none)' to 'ForQA'. (OPT-170)
Information: Changed wire load model for 'Adder5' from '(none)' to 'ForQA'. (OPT-170)
Information: Changed wire load model for 'full_adder' from '(none)' to 'ForQA'. (OPT-170)
Information: Changed wire load model for 'full_adder' from '(none)' to 'ForQA'. (OPT-170)
Information: Changed wire load model for 'full_adder' from '(none)' to 'ForQA'. (OPT-170)
Information: Changed wire load model for 'Adder4' from '(none)' to 'ForQA'. (OPT-170)
Information: Changed wire load model for 'full_adder' from '(none)' to 'ForQA'. (OPT-170)
Information: Changed wire load model for 'half_adder' from '(none)' to 'ForQA'. (OPT-170)
Information: Changed wire load model for 'half_adder' from '(none)' to 'ForQA'. (OPT-170)
Information: Changed wire load model for 'full_adder' from '(none)' to 'ForQA'. (OPT-170)
Information: Changed wire load model for 'half_adder' from '(none)' to 'ForQA'. (OPT-170)
Information: Changed wire load model for 'Adder3' from '(none)' to 'ForQA'. (OPT-170)
Information: Changed wire load model for 'full_adder' from '(none)' to 'ForQA'. (OPT-170)
Information: Changed wire load model for 'half_adder' from '(none)' to 'ForQA'. (OPT-170)
Information: Changed wire load model for 'half_adder' from '(none)' to 'ForQA'. (OPT-170)
Information: Changed wire load model for 'half_adder' from '(none)' to 'ForQA'. (OPT-170)
Information: Changed wire load model for 'Adder2' from '(none)' to 'ForQA'. (OPT-170)
Information: Changed wire load model for 'half_adder' from '(none)' to 'ForQA'. (OPT-170)
Information: Changed wire load model for 'vedic_4bit' from '(none)' to 'ForQA'. (OPT-170)
Information: Changed wire load model for 'full_adder' from '(none)' to 'ForQA'. (OPT-170)
Information: Changed wire load model for 'full_adder' from '(none)' to 'ForQA'. (OPT-170)
Information: Changed wire load model for 'Adder5' from '(none)' to 'ForQA'. (OPT-170)
Information: Changed wire load model for 'full_adder' from '(none)' to 'ForQA'. (OPT-170)
Information: Changed wire load model for 'full_adder' from '(none)' to 'ForQA'. (OPT-170)
Information: Changed wire load model for 'full_adder' from '(none)' to 'ForQA'. (OPT-170)
Information: Changed wire load model for 'Adder4' from '(none)' to 'ForQA'. (OPT-170)
Information: Changed wire load model for 'full_adder' from '(none)' to 'ForQA'. (OPT-170)
Information: Changed wire load model for 'half_adder' from '(none)' to 'ForQA'. (OPT-170)
Information: Changed wire load model for 'half_adder' from '(none)' to 'ForQA'. (OPT-170)
Information: Changed wire load model for 'full_adder' from '(none)' to 'ForQA'. (OPT-170)
Information: Changed wire load model for 'half_adder' from '(none)' to 'ForQA'. (OPT-170)
Information: Changed wire load model for 'Adder3' from '(none)' to 'ForQA'. (OPT-170)
Information: Changed wire load model for 'full_adder' from '(none)' to 'ForQA'. (OPT-170)
Information: Changed wire load model for 'half_adder' from '(none)' to 'ForQA'. (OPT-170)
Information: Changed wire load model for 'half_adder' from '(none)' to 'ForQA'. (OPT-170)
Information: Changed wire load model for 'half_adder' from '(none)' to 'ForQA'. (OPT-170)
Information: Changed wire load model for 'Adder2' from '(none)' to 'ForQA'. (OPT-170)
Information: Changed wire load model for 'half_adder' from '(none)' to 'ForQA'. (OPT-170)
Information: Changed wire load model for 'vedic_4bit' from '(none)' to 'ForQA'. (OPT-170)
Information: Changed wire load model for 'karastuba_6bit' from '(none)' to 'ForQA'. (OPT-170)
Information: Changed wire load model for 'G_Cell' from '(none)' to 'ForQA'. (OPT-170)
Information: Changed wire load model for 'G_Cell' from '(none)' to 'ForQA'. (OPT-170)
Information: Changed wire load model for 'G_Cell' from '(none)' to 'ForQA'. (OPT-170)
Information: Changed wire load model for 'G_Cell' from '(none)' to 'ForQA'. (OPT-170)
Information: Changed wire load model for 'G_Cell' from '(none)' to 'ForQA'. (OPT-170)
Information: Changed wire load model for 'G_Cell' from '(none)' to 'ForQA'. (OPT-170)
Information: Changed wire load model for 'G_Cell' from '(none)' to 'ForQA'. (OPT-170)
Information: Changed wire load model for 'G_Cell' from '(none)' to 'ForQA'. (OPT-170)
Information: Changed wire load model for 'G_Cell' from '(none)' to 'ForQA'. (OPT-170)
Information: Changed wire load model for 'RCA_bw9' from '(none)' to 'ForQA'. (OPT-170)
Information: Changed wire load model for 'G_Cell' from '(none)' to 'ForQA'. (OPT-170)
Information: Changed wire load model for 'G_Cell' from '(none)' to 'ForQA'. (OPT-170)
Information: Changed wire load model for 'G_Cell' from '(none)' to 'ForQA'. (OPT-170)
Information: Changed wire load model for 'G_Cell' from '(none)' to 'ForQA'. (OPT-170)
Information: Changed wire load model for 'G_Cell' from '(none)' to 'ForQA'. (OPT-170)
Information: Changed wire load model for 'G_Cell' from '(none)' to 'ForQA'. (OPT-170)
Information: Changed wire load model for 'G_Cell' from '(none)' to 'ForQA'. (OPT-170)
Information: Changed wire load model for 'G_Cell' from '(none)' to 'ForQA'. (OPT-170)
Information: Changed wire load model for 'RCA_bw8' from '(none)' to 'ForQA'. (OPT-170)
Information: Changed wire load model for 'G_Cell' from '(none)' to 'ForQA'. (OPT-170)
Information: Changed wire load model for 'G_Cell' from '(none)' to 'ForQA'. (OPT-170)
Information: Changed wire load model for 'G_Cell' from '(none)' to 'ForQA'. (OPT-170)
Information: Changed wire load model for 'G_Cell' from '(none)' to 'ForQA'. (OPT-170)
Information: Changed wire load model for 'G_Cell' from '(none)' to 'ForQA'. (OPT-170)
Information: Changed wire load model for 'G_Cell' from '(none)' to 'ForQA'. (OPT-170)
Information: Changed wire load model for 'G_Cell' from '(none)' to 'ForQA'. (OPT-170)
Information: Changed wire load model for 'G_Cell' from '(none)' to 'ForQA'. (OPT-170)
Information: Changed wire load model for 'RCA_bw8' from '(none)' to 'ForQA'. (OPT-170)
Information: Changed wire load model for 'full_adder' from '(none)' to 'ForQA'. (OPT-170)
Information: Changed wire load model for 'full_adder' from '(none)' to 'ForQA'. (OPT-170)
Information: Changed wire load model for 'Adder5' from '(none)' to 'ForQA'. (OPT-170)
Information: Changed wire load model for 'full_adder' from '(none)' to 'ForQA'. (OPT-170)
Information: Changed wire load model for 'full_adder' from '(none)' to 'ForQA'. (OPT-170)
Information: Changed wire load model for 'full_adder' from '(none)' to 'ForQA'. (OPT-170)
Information: Changed wire load model for 'Adder4' from '(none)' to 'ForQA'. (OPT-170)
Information: Changed wire load model for 'full_adder' from '(none)' to 'ForQA'. (OPT-170)
Information: Changed wire load model for 'half_adder' from '(none)' to 'ForQA'. (OPT-170)
Information: Changed wire load model for 'half_adder' from '(none)' to 'ForQA'. (OPT-170)
Information: Changed wire load model for 'full_adder' from '(none)' to 'ForQA'. (OPT-170)
Information: Changed wire load model for 'half_adder' from '(none)' to 'ForQA'. (OPT-170)
Information: Changed wire load model for 'Adder3' from '(none)' to 'ForQA'. (OPT-170)
Information: Changed wire load model for 'full_adder' from '(none)' to 'ForQA'. (OPT-170)
Information: Changed wire load model for 'half_adder' from '(none)' to 'ForQA'. (OPT-170)
Information: Changed wire load model for 'half_adder' from '(none)' to 'ForQA'. (OPT-170)
Information: Changed wire load model for 'half_adder' from '(none)' to 'ForQA'. (OPT-170)
Information: Changed wire load model for 'Adder2' from '(none)' to 'ForQA'. (OPT-170)
Information: Changed wire load model for 'half_adder' from '(none)' to 'ForQA'. (OPT-170)
Information: Changed wire load model for 'vedic_4bit' from '(none)' to 'ForQA'. (OPT-170)
Information: Changed wire load model for 'G_Cell' from '(none)' to 'ForQA'. (OPT-170)
Information: Changed wire load model for 'G_Cell' from '(none)' to 'ForQA'. (OPT-170)
Information: Changed wire load model for 'G_Cell' from '(none)' to 'ForQA'. (OPT-170)
Information: Changed wire load model for 'G_Cell' from '(none)' to 'ForQA'. (OPT-170)
Information: Changed wire load model for 'RCA_bw4' from '(none)' to 'ForQA'. (OPT-170)
Information: Changed wire load model for 'G_Cell' from '(none)' to 'ForQA'. (OPT-170)
Information: Changed wire load model for 'G_Cell' from '(none)' to 'ForQA'. (OPT-170)
Information: Changed wire load model for 'G_Cell' from '(none)' to 'ForQA'. (OPT-170)
Information: Changed wire load model for 'G_Cell' from '(none)' to 'ForQA'. (OPT-170)
Information: Changed wire load model for 'RCA_bw4' from '(none)' to 'ForQA'. (OPT-170)
Information: Changed wire load model for 'full_adder' from '(none)' to 'ForQA'. (OPT-170)
Information: Changed wire load model for 'full_adder' from '(none)' to 'ForQA'. (OPT-170)
Information: Changed wire load model for 'Adder5' from '(none)' to 'ForQA'. (OPT-170)
Information: Changed wire load model for 'full_adder' from '(none)' to 'ForQA'. (OPT-170)
Information: Changed wire load model for 'full_adder' from '(none)' to 'ForQA'. (OPT-170)
Information: Changed wire load model for 'full_adder' from '(none)' to 'ForQA'. (OPT-170)
Information: Changed wire load model for 'Adder4' from '(none)' to 'ForQA'. (OPT-170)
Information: Changed wire load model for 'full_adder' from '(none)' to 'ForQA'. (OPT-170)
Information: Changed wire load model for 'half_adder' from '(none)' to 'ForQA'. (OPT-170)
Information: Changed wire load model for 'half_adder' from '(none)' to 'ForQA'. (OPT-170)
Information: Changed wire load model for 'full_adder' from '(none)' to 'ForQA'. (OPT-170)
Information: Changed wire load model for 'half_adder' from '(none)' to 'ForQA'. (OPT-170)
Information: Changed wire load model for 'Adder3' from '(none)' to 'ForQA'. (OPT-170)
Information: Changed wire load model for 'full_adder' from '(none)' to 'ForQA'. (OPT-170)
Information: Changed wire load model for 'half_adder' from '(none)' to 'ForQA'. (OPT-170)
Information: Changed wire load model for 'half_adder' from '(none)' to 'ForQA'. (OPT-170)
Information: Changed wire load model for 'half_adder' from '(none)' to 'ForQA'. (OPT-170)
Information: Changed wire load model for 'Adder2' from '(none)' to 'ForQA'. (OPT-170)
Information: Changed wire load model for 'half_adder' from '(none)' to 'ForQA'. (OPT-170)
Information: Changed wire load model for 'vedic_4bit' from '(none)' to 'ForQA'. (OPT-170)
Information: Changed wire load model for 'full_adder' from '(none)' to 'ForQA'. (OPT-170)
Information: Changed wire load model for 'full_adder' from '(none)' to 'ForQA'. (OPT-170)
Information: Changed wire load model for 'Adder5' from '(none)' to 'ForQA'. (OPT-170)
Information: Changed wire load model for 'full_adder' from '(none)' to 'ForQA'. (OPT-170)
Information: Changed wire load model for 'full_adder' from '(none)' to 'ForQA'. (OPT-170)
Information: Changed wire load model for 'full_adder' from '(none)' to 'ForQA'. (OPT-170)
Information: Changed wire load model for 'Adder4' from '(none)' to 'ForQA'. (OPT-170)
Information: Changed wire load model for 'full_adder' from '(none)' to 'ForQA'. (OPT-170)
Information: Changed wire load model for 'half_adder' from '(none)' to 'ForQA'. (OPT-170)
Information: Changed wire load model for 'half_adder' from '(none)' to 'ForQA'. (OPT-170)
Information: Changed wire load model for 'full_adder' from '(none)' to 'ForQA'. (OPT-170)
Information: Changed wire load model for 'half_adder' from '(none)' to 'ForQA'. (OPT-170)
Information: Changed wire load model for 'Adder3' from '(none)' to 'ForQA'. (OPT-170)
Information: Changed wire load model for 'full_adder' from '(none)' to 'ForQA'. (OPT-170)
Information: Changed wire load model for 'half_adder' from '(none)' to 'ForQA'. (OPT-170)
Information: Changed wire load model for 'half_adder' from '(none)' to 'ForQA'. (OPT-170)
Information: Changed wire load model for 'half_adder' from '(none)' to 'ForQA'. (OPT-170)
Information: Changed wire load model for 'Adder2' from '(none)' to 'ForQA'. (OPT-170)
Information: Changed wire load model for 'half_adder' from '(none)' to 'ForQA'. (OPT-170)
Information: Changed wire load model for 'vedic_4bit' from '(none)' to 'ForQA'. (OPT-170)
Information: Changed wire load model for 'karastuba_6bit' from '(none)' to 'ForQA'. (OPT-170)
Information: Changed wire load model for 'G_Cell' from '(none)' to 'ForQA'. (OPT-170)
Information: Changed wire load model for 'G_Cell' from '(none)' to 'ForQA'. (OPT-170)
Information: Changed wire load model for 'G_Cell' from '(none)' to 'ForQA'. (OPT-170)
Information: Changed wire load model for 'G_Cell' from '(none)' to 'ForQA'. (OPT-170)
Information: Changed wire load model for 'G_Cell' from '(none)' to 'ForQA'. (OPT-170)
Information: Changed wire load model for 'G_Cell' from '(none)' to 'ForQA'. (OPT-170)
Information: Changed wire load model for 'G_Cell' from '(none)' to 'ForQA'. (OPT-170)
Information: Changed wire load model for 'G_Cell' from '(none)' to 'ForQA'. (OPT-170)
Information: Changed wire load model for 'G_Cell' from '(none)' to 'ForQA'. (OPT-170)
Information: Changed wire load model for 'RCA_bw9' from '(none)' to 'ForQA'. (OPT-170)
Information: Changed wire load model for 'G_Cell' from '(none)' to 'ForQA'. (OPT-170)
Information: Changed wire load model for 'G_Cell' from '(none)' to 'ForQA'. (OPT-170)
Information: Changed wire load model for 'G_Cell' from '(none)' to 'ForQA'. (OPT-170)
Information: Changed wire load model for 'G_Cell' from '(none)' to 'ForQA'. (OPT-170)
Information: Changed wire load model for 'G_Cell' from '(none)' to 'ForQA'. (OPT-170)
Information: Changed wire load model for 'G_Cell' from '(none)' to 'ForQA'. (OPT-170)
Information: Changed wire load model for 'G_Cell' from '(none)' to 'ForQA'. (OPT-170)
Information: Changed wire load model for 'G_Cell' from '(none)' to 'ForQA'. (OPT-170)
Information: Changed wire load model for 'RCA_bw8' from '(none)' to 'ForQA'. (OPT-170)
Information: Changed wire load model for 'G_Cell' from '(none)' to 'ForQA'. (OPT-170)
Information: Changed wire load model for 'G_Cell' from '(none)' to 'ForQA'. (OPT-170)
Information: Changed wire load model for 'G_Cell' from '(none)' to 'ForQA'. (OPT-170)
Information: Changed wire load model for 'G_Cell' from '(none)' to 'ForQA'. (OPT-170)
Information: Changed wire load model for 'G_Cell' from '(none)' to 'ForQA'. (OPT-170)
Information: Changed wire load model for 'G_Cell' from '(none)' to 'ForQA'. (OPT-170)
Information: Changed wire load model for 'G_Cell' from '(none)' to 'ForQA'. (OPT-170)
Information: Changed wire load model for 'G_Cell' from '(none)' to 'ForQA'. (OPT-170)
Information: Changed wire load model for 'RCA_bw8' from '(none)' to 'ForQA'. (OPT-170)
Information: Changed wire load model for 'full_adder' from '(none)' to 'ForQA'. (OPT-170)
Information: Changed wire load model for 'full_adder' from '(none)' to 'ForQA'. (OPT-170)
Information: Changed wire load model for 'Adder5' from '(none)' to 'ForQA'. (OPT-170)
Information: Changed wire load model for 'full_adder' from '(none)' to 'ForQA'. (OPT-170)
Information: Changed wire load model for 'full_adder' from '(none)' to 'ForQA'. (OPT-170)
Information: Changed wire load model for 'full_adder' from '(none)' to 'ForQA'. (OPT-170)
Information: Changed wire load model for 'Adder4' from '(none)' to 'ForQA'. (OPT-170)
Information: Changed wire load model for 'full_adder' from '(none)' to 'ForQA'. (OPT-170)
Information: Changed wire load model for 'half_adder' from '(none)' to 'ForQA'. (OPT-170)
Information: Changed wire load model for 'half_adder' from '(none)' to 'ForQA'. (OPT-170)
Information: Changed wire load model for 'full_adder' from '(none)' to 'ForQA'. (OPT-170)
Information: Changed wire load model for 'half_adder' from '(none)' to 'ForQA'. (OPT-170)
Information: Changed wire load model for 'Adder3' from '(none)' to 'ForQA'. (OPT-170)
Information: Changed wire load model for 'full_adder' from '(none)' to 'ForQA'. (OPT-170)
Information: Changed wire load model for 'half_adder' from '(none)' to 'ForQA'. (OPT-170)
Information: Changed wire load model for 'half_adder' from '(none)' to 'ForQA'. (OPT-170)
Information: Changed wire load model for 'half_adder' from '(none)' to 'ForQA'. (OPT-170)
Information: Changed wire load model for 'Adder2' from '(none)' to 'ForQA'. (OPT-170)
Information: Changed wire load model for 'half_adder' from '(none)' to 'ForQA'. (OPT-170)
Information: Changed wire load model for 'vedic_4bit' from '(none)' to 'ForQA'. (OPT-170)
Information: Changed wire load model for 'G_Cell' from '(none)' to 'ForQA'. (OPT-170)
Information: Changed wire load model for 'G_Cell' from '(none)' to 'ForQA'. (OPT-170)
Information: Changed wire load model for 'G_Cell' from '(none)' to 'ForQA'. (OPT-170)
Information: Changed wire load model for 'G_Cell' from '(none)' to 'ForQA'. (OPT-170)
Information: Changed wire load model for 'RCA_bw4' from '(none)' to 'ForQA'. (OPT-170)
Information: Changed wire load model for 'G_Cell' from '(none)' to 'ForQA'. (OPT-170)
Information: Changed wire load model for 'G_Cell' from '(none)' to 'ForQA'. (OPT-170)
Information: Changed wire load model for 'G_Cell' from '(none)' to 'ForQA'. (OPT-170)
Information: Changed wire load model for 'G_Cell' from '(none)' to 'ForQA'. (OPT-170)
Information: Changed wire load model for 'RCA_bw4' from '(none)' to 'ForQA'. (OPT-170)
Information: Changed wire load model for 'full_adder' from '(none)' to 'ForQA'. (OPT-170)
Information: Changed wire load model for 'full_adder' from '(none)' to 'ForQA'. (OPT-170)
Information: Changed wire load model for 'Adder5' from '(none)' to 'ForQA'. (OPT-170)
Information: Changed wire load model for 'full_adder' from '(none)' to 'ForQA'. (OPT-170)
Information: Changed wire load model for 'full_adder' from '(none)' to 'ForQA'. (OPT-170)
Information: Changed wire load model for 'full_adder' from '(none)' to 'ForQA'. (OPT-170)
Information: Changed wire load model for 'Adder4' from '(none)' to 'ForQA'. (OPT-170)
Information: Changed wire load model for 'full_adder' from '(none)' to 'ForQA'. (OPT-170)
Information: Changed wire load model for 'half_adder' from '(none)' to 'ForQA'. (OPT-170)
Information: Changed wire load model for 'half_adder' from '(none)' to 'ForQA'. (OPT-170)
Information: Changed wire load model for 'full_adder' from '(none)' to 'ForQA'. (OPT-170)
Information: Changed wire load model for 'half_adder' from '(none)' to 'ForQA'. (OPT-170)
Information: Changed wire load model for 'Adder3' from '(none)' to 'ForQA'. (OPT-170)
Information: Changed wire load model for 'full_adder' from '(none)' to 'ForQA'. (OPT-170)
Information: Changed wire load model for 'half_adder' from '(none)' to 'ForQA'. (OPT-170)
Information: Changed wire load model for 'half_adder' from '(none)' to 'ForQA'. (OPT-170)
Information: Changed wire load model for 'half_adder' from '(none)' to 'ForQA'. (OPT-170)
Information: Changed wire load model for 'Adder2' from '(none)' to 'ForQA'. (OPT-170)
Information: Changed wire load model for 'half_adder' from '(none)' to 'ForQA'. (OPT-170)
Information: Changed wire load model for 'vedic_4bit' from '(none)' to 'ForQA'. (OPT-170)
Information: Changed wire load model for 'full_adder' from '(none)' to 'ForQA'. (OPT-170)
Information: Changed wire load model for 'full_adder' from '(none)' to 'ForQA'. (OPT-170)
Information: Changed wire load model for 'Adder5' from '(none)' to 'ForQA'. (OPT-170)
Information: Changed wire load model for 'full_adder' from '(none)' to 'ForQA'. (OPT-170)
Information: Changed wire load model for 'full_adder' from '(none)' to 'ForQA'. (OPT-170)
Information: Changed wire load model for 'full_adder' from '(none)' to 'ForQA'. (OPT-170)
Information: Changed wire load model for 'Adder4' from '(none)' to 'ForQA'. (OPT-170)
Information: Changed wire load model for 'full_adder' from '(none)' to 'ForQA'. (OPT-170)
Information: Changed wire load model for 'half_adder' from '(none)' to 'ForQA'. (OPT-170)
Information: Changed wire load model for 'half_adder' from '(none)' to 'ForQA'. (OPT-170)
Information: Changed wire load model for 'full_adder' from '(none)' to 'ForQA'. (OPT-170)
Information: Changed wire load model for 'half_adder' from '(none)' to 'ForQA'. (OPT-170)
Information: Changed wire load model for 'Adder3' from '(none)' to 'ForQA'. (OPT-170)
Information: Changed wire load model for 'full_adder' from '(none)' to 'ForQA'. (OPT-170)
Information: Changed wire load model for 'half_adder' from '(none)' to 'ForQA'. (OPT-170)
Information: Changed wire load model for 'half_adder' from '(none)' to 'ForQA'. (OPT-170)
Information: Changed wire load model for 'half_adder' from '(none)' to 'ForQA'. (OPT-170)
Information: Changed wire load model for 'Adder2' from '(none)' to 'ForQA'. (OPT-170)
Information: Changed wire load model for 'half_adder' from '(none)' to 'ForQA'. (OPT-170)
Information: Changed wire load model for 'vedic_4bit' from '(none)' to 'ForQA'. (OPT-170)
Information: Changed wire load model for 'karastuba_6bit' from '(none)' to 'ForQA'. (OPT-170)
Information: Changed wire load model for 'karastuba_11bit' from '(none)' to 'ForQA'. (OPT-170)
Information: Changed wire load model for 'menMult' from '(none)' to 'ForQA'. (OPT-170)
Information: Changed wire load model for 'G_Cell' from '(none)' to 'ForQA'. (OPT-170)
Information: Changed wire load model for 'G_Cell' from '(none)' to 'ForQA'. (OPT-170)
Information: Changed wire load model for 'G_Cell' from '(none)' to 'ForQA'. (OPT-170)
Information: Changed wire load model for 'G_Cell' from '(none)' to 'ForQA'. (OPT-170)
Information: Changed wire load model for 'G_Cell' from '(none)' to 'ForQA'. (OPT-170)
Information: Changed wire load model for 'RCA_bw5' from '(none)' to 'ForQA'. (OPT-170)
Information: Changed wire load model for 'G_Cell' from '(none)' to 'ForQA'. (OPT-170)
Information: Changed wire load model for 'G_Cell' from '(none)' to 'ForQA'. (OPT-170)
Information: Changed wire load model for 'G_Cell' from '(none)' to 'ForQA'. (OPT-170)
Information: Changed wire load model for 'G_Cell' from '(none)' to 'ForQA'. (OPT-170)
Information: Changed wire load model for 'G_Cell' from '(none)' to 'ForQA'. (OPT-170)
Information: Changed wire load model for 'RCA_bw5' from '(none)' to 'ForQA'. (OPT-170)
Information: Changed wire load model for 'biasAdder' from '(none)' to 'ForQA'. (OPT-170)
Information: Changed wire load model for 'fp16multiplier' from '(none)' to 'ForQA'. (OPT-170)
Information: Changed wire load model for 'DW01_add_width11' from '(none)' to 'ForQA'. (OPT-170)
Information: Changed wire load model for '*ADD_UNS_OP_11_1_11' from '(none)' to 'ForQA'. (OPT-170)
Information: Changed wire load model for 'DW01_sub_width5' from '(none)' to 'ForQA'. (OPT-170)
Information: Changed wire load model for '*SUB_UNS_OP_5_1_5' from '(none)' to 'ForQA'. (OPT-170)
Information: Changed wire load model for 'DW01_sub_width5' from '(none)' to 'ForQA'. (OPT-170)
Information: Changed wire load model for '*SUB_UNS_OP_5_1_5' from '(none)' to 'ForQA'. (OPT-170)
Information: Changed wire load model for 'DW01_sub_width5' from '(none)' to 'ForQA'. (OPT-170)
Information: Changed wire load model for '*SUB_UNS_OP_5_1_5' from '(none)' to 'ForQA'. (OPT-170)
Information: Changed wire load model for 'DW01_sub_width5' from '(none)' to 'ForQA'. (OPT-170)
Information: Changed wire load model for '*SUB_UNS_OP_5_1_5' from '(none)' to 'ForQA'. (OPT-170)
Information: Changed wire load model for 'DW01_sub_width5' from '(none)' to 'ForQA'. (OPT-170)
Information: Changed wire load model for '*SUB_UNS_OP_5_1_5' from '(none)' to 'ForQA'. (OPT-170)
Information: Changed wire load model for 'DW01_sub_width5' from '(none)' to 'ForQA'. (OPT-170)
Information: Changed wire load model for '*SUB_UNS_OP_5_1_5' from '(none)' to 'ForQA'. (OPT-170)
Information: Changed wire load model for 'DW01_sub_width5' from '(none)' to 'ForQA'. (OPT-170)
Information: Changed wire load model for '*SUB_UNS_OP_5_1_5' from '(none)' to 'ForQA'. (OPT-170)
Information: Changed wire load model for 'DW01_sub_width5' from '(none)' to 'ForQA'. (OPT-170)
Information: Changed wire load model for '*SUB_UNS_OP_5_1_5' from '(none)' to 'ForQA'. (OPT-170)
Information: Changed wire load model for 'DW01_sub_width5' from '(none)' to 'ForQA'. (OPT-170)
Information: Changed wire load model for '*SUB_UNS_OP_5_1_5' from '(none)' to 'ForQA'. (OPT-170)
Information: Changed wire load model for 'DW01_sub_width5' from '(none)' to 'ForQA'. (OPT-170)
Information: Changed wire load model for '*SUB_UNS_OP_5_1_5' from '(none)' to 'ForQA'. (OPT-170)
Information: Changed wire load model for 'DW01_sub_width5' from '(none)' to 'ForQA'. (OPT-170)
Information: Changed wire load model for '*SUB_UNS_OP_5_1_5' from '(none)' to 'ForQA'. (OPT-170)
Information: Changed wire load model for 'DW01_inc_width12' from '(none)' to 'ForQA'. (OPT-170)
Information: Changed wire load model for '*ADD_UNS_OP_12_1_12' from '(none)' to 'ForQA'. (OPT-170)
Information: Changed wire load model for 'DW01_add_width12' from '(none)' to 'ForQA'. (OPT-170)
Information: Changed wire load model for '*ADD_UNS_OP_11_11_12' from '(none)' to 'ForQA'. (OPT-170)
Information: Changed wire load model for 'DW01_sub_width12' from '(none)' to 'ForQA'. (OPT-170)
Information: Changed wire load model for '*SUB_UNS_OP_11_11_12' from '(none)' to 'ForQA'. (OPT-170)
Information: Changed wire load model for 'DW01_inc_width5' from '(none)' to 'ForQA'. (OPT-170)
Information: Changed wire load model for '*ADD_UNS_OP_5_1_5' from '(none)' to 'ForQA'. (OPT-170)
Information: Changed wire load model for 'DW01_inc_width5' from '(none)' to 'ForQA'. (OPT-170)
Information: Changed wire load model for '*ADD_UNS_OP_5_1_5' from '(none)' to 'ForQA'. (OPT-170)
Information: Changed wire load model for 'DW01_sub_width5' from '(none)' to 'ForQA'. (OPT-170)
Information: Changed wire load model for '*SUB_UNS_OP_5_5_5' from '(none)' to 'ForQA'. (OPT-170)
Information: Changed wire load model for 'DW01_sub_width5' from '(none)' to 'ForQA'. (OPT-170)
Information: Changed wire load model for '*SUB_UNS_OP_5_5_5' from '(none)' to 'ForQA'. (OPT-170)
Information: Changed wire load model for 'DW01_inc_width5' from '(none)' to 'ForQA'. (OPT-170)
Information: Changed wire load model for '*ADD_UNS_OP_5_1_5' from '(none)' to 'ForQA'. (OPT-170)
Information: Changed wire load model for 'DW01_sub_width6' from '(none)' to 'ForQA'. (OPT-170)
Information: Changed wire load model for '*SUB_UNS_OP_5_5_6' from '(none)' to 'ForQA'. (OPT-170)
Information: Changed wire load model for 'DW_leftsh' from '(none)' to 'ForQA'. (OPT-170)
Information: Changed wire load model for '*ASH_UNS_UNS_OP_11_1_11' from '(none)' to 'ForQA'. (OPT-170)
Information: Changed wire load model for 'DW_leftsh' from '(none)' to 'ForQA'. (OPT-170)
Information: Changed wire load model for '*ASH_UNS_UNS_OP_12_1_12' from '(none)' to 'ForQA'. (OPT-170)
Information: Changed wire load model for 'DW_leftsh' from '(none)' to 'ForQA'. (OPT-170)
Information: Changed wire load model for '*ASH_UNS_UNS_OP_12_1_12' from '(none)' to 'ForQA'. (OPT-170)
Information: Changed wire load model for 'DW_leftsh' from '(none)' to 'ForQA'. (OPT-170)
Information: Changed wire load model for '*ASH_UNS_UNS_OP_12_1_12' from '(none)' to 'ForQA'. (OPT-170)
Information: Changed wire load model for 'DW_leftsh' from '(none)' to 'ForQA'. (OPT-170)
Information: Changed wire load model for '*ASH_UNS_UNS_OP_12_1_12' from '(none)' to 'ForQA'. (OPT-170)
Information: Changed wire load model for 'DW_leftsh' from '(none)' to 'ForQA'. (OPT-170)
Information: Changed wire load model for '*ASH_UNS_UNS_OP_12_1_12' from '(none)' to 'ForQA'. (OPT-170)
Information: Changed wire load model for 'DW_leftsh' from '(none)' to 'ForQA'. (OPT-170)
Information: Changed wire load model for '*ASH_UNS_UNS_OP_12_1_12' from '(none)' to 'ForQA'. (OPT-170)
Information: Changed wire load model for 'DW_leftsh' from '(none)' to 'ForQA'. (OPT-170)
Information: Changed wire load model for '*ASH_UNS_UNS_OP_12_1_12' from '(none)' to 'ForQA'. (OPT-170)
Information: Changed wire load model for 'DW_leftsh' from '(none)' to 'ForQA'. (OPT-170)
Information: Changed wire load model for '*ASH_UNS_UNS_OP_12_1_12' from '(none)' to 'ForQA'. (OPT-170)
Information: Changed wire load model for 'DW_leftsh' from '(none)' to 'ForQA'. (OPT-170)
Information: Changed wire load model for '*ASH_UNS_UNS_OP_12_1_12' from '(none)' to 'ForQA'. (OPT-170)
Information: Changed wire load model for 'DW_leftsh' from '(none)' to 'ForQA'. (OPT-170)
Information: Changed wire load model for '*ASH_UNS_UNS_OP_12_1_12' from '(none)' to 'ForQA'. (OPT-170)
Information: Changed wire load model for 'DW_rightsh' from '(none)' to 'ForQA'. (OPT-170)
Information: Changed wire load model for '*ASHR_UNS_UNS_OP_11_5_11' from '(none)' to 'ForQA'. (OPT-170)
Information: Changed wire load model for 'DW_rightsh' from '(none)' to 'ForQA'. (OPT-170)
Information: Changed wire load model for '*ASHR_UNS_UNS_OP_11_5_11' from '(none)' to 'ForQA'. (OPT-170)
Information: Updating design information... (UID-85)
 
****************************************
Report : qor
Design : fp16MAC
Version: O-2018.06-SP4
Date   : Fri Dec 23 02:46:44 2022
****************************************


  Timing Path Group 'MAIN_CLOCK'
  -----------------------------------
  Levels of Logic:               6.00
  Critical Path Length:          0.01
  Critical Path Slack:           2.49
  Critical Path Clk Period:      5.00
  Total Negative Slack:          0.00
  No. of Violating Paths:        0.00
  Worst Hold Violation:         -0.60
  Total Hold Violation:        -31.98
  No. of Hold Violations:       64.00
  -----------------------------------


  Cell Count
  -----------------------------------
  Hierarchical Cell Count:        557
  Hierarchical Port Count:       4689
  Leaf Cell Count:               2911
  Buf/Inv Cell Count:             243
  Buf Cell Count:                  37
  Inv Cell Count:                 206
  CT Buf/Inv Cell Count:            0
  Combinational Cell Count:      2863
  Sequential Cell Count:           48
  Macro Count:                      0
  -----------------------------------


  Area
  -----------------------------------
  Combinational Area:        0.000000
  Noncombinational Area:     0.000000
  Buf/Inv Area:              0.000000
  Total Buffer Area:             0.00
  Total Inverter Area:           0.00
  Macro/Black Box Area:      0.000000
  Net Area:                761.546638
  -----------------------------------
  Cell Area:                 0.000000
  Design Area:             761.546638


  Design Rules
  -----------------------------------
  Total Number of Nets:          3216
  Nets With Violations:             0
  Max Trans Violations:             0
  Max Cap Violations:               0
  -----------------------------------


  Hostname: AIHA

  Compile CPU Statistics
  -----------------------------------------
  Resource Sharing:                    0.00
  Logic Optimization:                  0.00
  Mapping Optimization:                0.00
  -----------------------------------------
  Overall Compile Time:                0.00
  Overall Compile Wall Clock Time:     0.00

  --------------------------------------------------------------------

  Design  WNS: 0.00  TNS: 0.00  Number of Violating Paths: 0


  Design (Hold)  WNS: 0.60  TNS: 31.98  Number of Violating Paths: 64

  --------------------------------------------------------------------


1
