 
****************************************
Report : cell
Design : fp16MAC
Version: O-2018.06-SP4
Date   : Fri Dec 23 04:05:21 2022
****************************************

Attributes:
    b - black box (unknown)
    h - hierarchical
    n - noncombinational
    r - removable
    u - contains unmapped logic

Cell                      Reference       Library             Area  Attributes
--------------------------------------------------------------------------------
U3                        INVX1_RVT       saed32rvt_ff1p16vn40c
                                                          1.270720  
U4                        INVX1_RVT       saed32rvt_ff1p16vn40c
                                                          1.270720  
U5                        INVX1_RVT       saed32rvt_ff1p16vn40c
                                                          1.270720  
a1                        fp16adder                       1615.339286
                                                                    h, n
acc_reg[0]                DFFARX1_RVT     saed32rvt_ff1p16vn40c
                                                          7.116032  n
acc_reg[1]                DFFARX1_RVT     saed32rvt_ff1p16vn40c
                                                          7.116032  n
acc_reg[2]                DFFARX1_RVT     saed32rvt_ff1p16vn40c
                                                          7.116032  n
acc_reg[3]                DFFARX1_RVT     saed32rvt_ff1p16vn40c
                                                          7.116032  n
acc_reg[4]                DFFARX1_RVT     saed32rvt_ff1p16vn40c
                                                          7.116032  n
acc_reg[5]                DFFARX1_RVT     saed32rvt_ff1p16vn40c
                                                          7.116032  n
acc_reg[6]                DFFARX1_RVT     saed32rvt_ff1p16vn40c
                                                          7.116032  n
acc_reg[7]                DFFARX1_RVT     saed32rvt_ff1p16vn40c
                                                          7.116032  n
acc_reg[8]                DFFARX1_RVT     saed32rvt_ff1p16vn40c
                                                          7.116032  n
acc_reg[9]                DFFARX1_RVT     saed32rvt_ff1p16vn40c
                                                          7.116032  n
acc_reg[10]               DFFARX1_RVT     saed32rvt_ff1p16vn40c
                                                          7.116032  n
acc_reg[11]               DFFARX1_RVT     saed32rvt_ff1p16vn40c
                                                          7.116032  n
acc_reg[12]               DFFARX1_RVT     saed32rvt_ff1p16vn40c
                                                          7.116032  n
acc_reg[13]               DFFARX1_RVT     saed32rvt_ff1p16vn40c
                                                          7.116032  n
acc_reg[14]               DFFARX1_RVT     saed32rvt_ff1p16vn40c
                                                          7.116032  n
acc_reg[15]               DFFARX1_RVT     saed32rvt_ff1p16vn40c
                                                          7.116032  n
m1                        fp16multiplier                  5241.974156
                                                                    h, n
--------------------------------------------------------------------------------
Total 21 cells                                            6974.982116
1
