Information: Checking out the license 'DesignWare'. (SEC-104)
Information: Changed wire load model for 'G_Cell' from '(none)' to 'ForQA'. (OPT-170)
Information: Changed wire load model for 'G_Cell' from '(none)' to 'ForQA'. (OPT-170)
Information: Changed wire load model for 'G_Cell' from '(none)' to 'ForQA'. (OPT-170)
Information: Changed wire load model for 'G_Cell' from '(none)' to 'ForQA'. (OPT-170)
Information: Changed wire load model for 'G_Cell' from '(none)' to 'ForQA'. (OPT-170)
Information: Changed wire load model for 'RCA_bw5' from '(none)' to 'ForQA'. (OPT-170)
Information: Changed wire load model for 'G_Cell' from '(none)' to 'ForQA'. (OPT-170)
Information: Changed wire load model for 'G_Cell' from '(none)' to 'ForQA'. (OPT-170)
Information: Changed wire load model for 'G_Cell' from '(none)' to 'ForQA'. (OPT-170)
Information: Changed wire load model for 'G_Cell' from '(none)' to 'ForQA'. (OPT-170)
Information: Changed wire load model for 'G_Cell' from '(none)' to 'ForQA'. (OPT-170)
Information: Changed wire load model for 'G_Cell' from '(none)' to 'ForQA'. (OPT-170)
Information: Changed wire load model for 'G_Cell' from '(none)' to 'ForQA'. (OPT-170)
Information: Changed wire load model for 'G_Cell' from '(none)' to 'ForQA'. (OPT-170)
Information: Changed wire load model for 'G_Cell' from '(none)' to 'ForQA'. (OPT-170)
Information: Changed wire load model for 'G_Cell' from '(none)' to 'ForQA'. (OPT-170)
Information: Changed wire load model for 'G_Cell' from '(none)' to 'ForQA'. (OPT-170)
Information: Changed wire load model for 'G_Cell' from '(none)' to 'ForQA'. (OPT-170)
Information: Changed wire load model for 'RCA_bw12' from '(none)' to 'ForQA'. (OPT-170)
Information: Changed wire load model for 'G_Cell' from '(none)' to 'ForQA'. (OPT-170)
Information: Changed wire load model for 'G_Cell' from '(none)' to 'ForQA'. (OPT-170)
Information: Changed wire load model for 'G_Cell' from '(none)' to 'ForQA'. (OPT-170)
Information: Changed wire load model for 'G_Cell' from '(none)' to 'ForQA'. (OPT-170)
Information: Changed wire load model for 'G_Cell' from '(none)' to 'ForQA'. (OPT-170)
Information: Changed wire load model for 'RCA_bw5' from '(none)' to 'ForQA'. (OPT-170)
Information: Changed wire load model for 'G_Cell' from '(none)' to 'ForQA'. (OPT-170)
Information: Changed wire load model for 'G_Cell' from '(none)' to 'ForQA'. (OPT-170)
Information: Changed wire load model for 'G_Cell' from '(none)' to 'ForQA'. (OPT-170)
Information: Changed wire load model for 'G_Cell' from '(none)' to 'ForQA'. (OPT-170)
Information: Changed wire load model for 'G_Cell' from '(none)' to 'ForQA'. (OPT-170)
Information: Changed wire load model for 'RCA_bw5' from '(none)' to 'ForQA'. (OPT-170)
Information: Changed wire load model for 'G_Cell' from '(none)' to 'ForQA'. (OPT-170)
Information: Changed wire load model for 'G_Cell' from '(none)' to 'ForQA'. (OPT-170)
Information: Changed wire load model for 'G_Cell' from '(none)' to 'ForQA'. (OPT-170)
Information: Changed wire load model for 'G_Cell' from '(none)' to 'ForQA'. (OPT-170)
Information: Changed wire load model for 'G_Cell' from '(none)' to 'ForQA'. (OPT-170)
Information: Changed wire load model for 'RCA_bw5' from '(none)' to 'ForQA'. (OPT-170)
Information: Changed wire load model for 'G_Cell' from '(none)' to 'ForQA'. (OPT-170)
Information: Changed wire load model for 'G_Cell' from '(none)' to 'ForQA'. (OPT-170)
Information: Changed wire load model for 'G_Cell' from '(none)' to 'ForQA'. (OPT-170)
Information: Changed wire load model for 'G_Cell' from '(none)' to 'ForQA'. (OPT-170)
Information: Changed wire load model for 'G_Cell' from '(none)' to 'ForQA'. (OPT-170)
Information: Changed wire load model for 'RCA_bw5' from '(none)' to 'ForQA'. (OPT-170)
Information: Changed wire load model for 'G_Cell' from '(none)' to 'ForQA'. (OPT-170)
Information: Changed wire load model for 'G_Cell' from '(none)' to 'ForQA'. (OPT-170)
Information: Changed wire load model for 'G_Cell' from '(none)' to 'ForQA'. (OPT-170)
Information: Changed wire load model for 'G_Cell' from '(none)' to 'ForQA'. (OPT-170)
Information: Changed wire load model for 'G_Cell' from '(none)' to 'ForQA'. (OPT-170)
Information: Changed wire load model for 'RCA_bw5' from '(none)' to 'ForQA'. (OPT-170)
Information: Changed wire load model for 'G_Cell' from '(none)' to 'ForQA'. (OPT-170)
Information: Changed wire load model for 'G_Cell' from '(none)' to 'ForQA'. (OPT-170)
Information: Changed wire load model for 'G_Cell' from '(none)' to 'ForQA'. (OPT-170)
Information: Changed wire load model for 'G_Cell' from '(none)' to 'ForQA'. (OPT-170)
Information: Changed wire load model for 'G_Cell' from '(none)' to 'ForQA'. (OPT-170)
Information: Changed wire load model for 'RCA_bw5' from '(none)' to 'ForQA'. (OPT-170)
Information: Changed wire load model for 'G_Cell' from '(none)' to 'ForQA'. (OPT-170)
Information: Changed wire load model for 'G_Cell' from '(none)' to 'ForQA'. (OPT-170)
Information: Changed wire load model for 'G_Cell' from '(none)' to 'ForQA'. (OPT-170)
Information: Changed wire load model for 'G_Cell' from '(none)' to 'ForQA'. (OPT-170)
Information: Changed wire load model for 'G_Cell' from '(none)' to 'ForQA'. (OPT-170)
Information: Changed wire load model for 'RCA_bw5' from '(none)' to 'ForQA'. (OPT-170)
Information: Changed wire load model for 'G_Cell' from '(none)' to 'ForQA'. (OPT-170)
Information: Changed wire load model for 'G_Cell' from '(none)' to 'ForQA'. (OPT-170)
Information: Changed wire load model for 'G_Cell' from '(none)' to 'ForQA'. (OPT-170)
Information: Changed wire load model for 'G_Cell' from '(none)' to 'ForQA'. (OPT-170)
Information: Changed wire load model for 'G_Cell' from '(none)' to 'ForQA'. (OPT-170)
Information: Changed wire load model for 'RCA_bw5' from '(none)' to 'ForQA'. (OPT-170)
Information: Changed wire load model for 'G_Cell' from '(none)' to 'ForQA'. (OPT-170)
Information: Changed wire load model for 'G_Cell' from '(none)' to 'ForQA'. (OPT-170)
Information: Changed wire load model for 'G_Cell' from '(none)' to 'ForQA'. (OPT-170)
Information: Changed wire load model for 'G_Cell' from '(none)' to 'ForQA'. (OPT-170)
Information: Changed wire load model for 'G_Cell' from '(none)' to 'ForQA'. (OPT-170)
Information: Changed wire load model for 'RCA_bw5' from '(none)' to 'ForQA'. (OPT-170)
Information: Changed wire load model for 'G_Cell' from '(none)' to 'ForQA'. (OPT-170)
Information: Changed wire load model for 'G_Cell' from '(none)' to 'ForQA'. (OPT-170)
Information: Changed wire load model for 'G_Cell' from '(none)' to 'ForQA'. (OPT-170)
Information: Changed wire load model for 'G_Cell' from '(none)' to 'ForQA'. (OPT-170)
Information: Changed wire load model for 'G_Cell' from '(none)' to 'ForQA'. (OPT-170)
Information: Changed wire load model for 'RCA_bw5' from '(none)' to 'ForQA'. (OPT-170)
Information: Changed wire load model for 'G_Cell' from '(none)' to 'ForQA'. (OPT-170)
Information: Changed wire load model for 'G_Cell' from '(none)' to 'ForQA'. (OPT-170)
Information: Changed wire load model for 'G_Cell' from '(none)' to 'ForQA'. (OPT-170)
Information: Changed wire load model for 'G_Cell' from '(none)' to 'ForQA'. (OPT-170)
Information: Changed wire load model for 'G_Cell' from '(none)' to 'ForQA'. (OPT-170)
Information: Changed wire load model for 'RCA_bw5' from '(none)' to 'ForQA'. (OPT-170)
Information: Changed wire load model for 'G_Cell' from '(none)' to 'ForQA'. (OPT-170)
Information: Changed wire load model for 'G_Cell' from '(none)' to 'ForQA'. (OPT-170)
Information: Changed wire load model for 'G_Cell' from '(none)' to 'ForQA'. (OPT-170)
Information: Changed wire load model for 'G_Cell' from '(none)' to 'ForQA'. (OPT-170)
Information: Changed wire load model for 'G_Cell' from '(none)' to 'ForQA'. (OPT-170)
Information: Changed wire load model for 'G_Cell' from '(none)' to 'ForQA'. (OPT-170)
Information: Changed wire load model for 'G_Cell' from '(none)' to 'ForQA'. (OPT-170)
Information: Changed wire load model for 'G_Cell' from '(none)' to 'ForQA'. (OPT-170)
Information: Changed wire load model for 'G_Cell' from '(none)' to 'ForQA'. (OPT-170)
Information: Changed wire load model for 'G_Cell' from '(none)' to 'ForQA'. (OPT-170)
Information: Changed wire load model for 'G_Cell' from '(none)' to 'ForQA'. (OPT-170)
Information: Changed wire load model for 'G_Cell' from '(none)' to 'ForQA'. (OPT-170)
Information: Changed wire load model for 'G_Cell' from '(none)' to 'ForQA'. (OPT-170)
Information: Changed wire load model for 'G_Cell' from '(none)' to 'ForQA'. (OPT-170)
Information: Changed wire load model for 'G_Cell' from '(none)' to 'ForQA'. (OPT-170)
Information: Changed wire load model for 'G_Cell' from '(none)' to 'ForQA'. (OPT-170)
Information: Changed wire load model for 'G_Cell' from '(none)' to 'ForQA'. (OPT-170)
Information: Changed wire load model for 'G_Cell' from '(none)' to 'ForQA'. (OPT-170)
Information: Changed wire load model for 'G_Cell' from '(none)' to 'ForQA'. (OPT-170)
Information: Changed wire load model for 'G_Cell' from '(none)' to 'ForQA'. (OPT-170)
Information: Changed wire load model for 'G_Cell' from '(none)' to 'ForQA'. (OPT-170)
Information: Changed wire load model for 'G_Cell' from '(none)' to 'ForQA'. (OPT-170)
Information: Changed wire load model for 'G_Cell' from '(none)' to 'ForQA'. (OPT-170)
Information: Changed wire load model for 'RCA_bw23' from '(none)' to 'ForQA'. (OPT-170)
Information: Changed wire load model for 'normalization' from '(none)' to 'ForQA'. (OPT-170)
Information: Changed wire load model for 'G_Cell' from '(none)' to 'ForQA'. (OPT-170)
Information: Changed wire load model for 'G_Cell' from '(none)' to 'ForQA'. (OPT-170)
Information: Changed wire load model for 'G_Cell' from '(none)' to 'ForQA'. (OPT-170)
Information: Changed wire load model for 'G_Cell' from '(none)' to 'ForQA'. (OPT-170)
Information: Changed wire load model for 'G_Cell' from '(none)' to 'ForQA'. (OPT-170)
Information: Changed wire load model for 'G_Cell' from '(none)' to 'ForQA'. (OPT-170)
Information: Changed wire load model for 'G_Cell' from '(none)' to 'ForQA'. (OPT-170)
Information: Changed wire load model for 'G_Cell' from '(none)' to 'ForQA'. (OPT-170)
Information: Changed wire load model for 'G_Cell' from '(none)' to 'ForQA'. (OPT-170)
Information: Changed wire load model for 'G_Cell' from '(none)' to 'ForQA'. (OPT-170)
Information: Changed wire load model for 'G_Cell' from '(none)' to 'ForQA'. (OPT-170)
Information: Changed wire load model for 'G_Cell' from '(none)' to 'ForQA'. (OPT-170)
Information: Changed wire load model for 'G_Cell' from '(none)' to 'ForQA'. (OPT-170)
Information: Changed wire load model for 'G_Cell' from '(none)' to 'ForQA'. (OPT-170)
Information: Changed wire load model for 'G_Cell' from '(none)' to 'ForQA'. (OPT-170)
Information: Changed wire load model for 'G_Cell' from '(none)' to 'ForQA'. (OPT-170)
Information: Changed wire load model for 'G_Cell' from '(none)' to 'ForQA'. (OPT-170)
Information: Changed wire load model for 'G_Cell' from '(none)' to 'ForQA'. (OPT-170)
Information: Changed wire load model for 'G_Cell' from '(none)' to 'ForQA'. (OPT-170)
Information: Changed wire load model for 'G_Cell' from '(none)' to 'ForQA'. (OPT-170)
Information: Changed wire load model for 'G_Cell' from '(none)' to 'ForQA'. (OPT-170)
Information: Changed wire load model for 'G_Cell' from '(none)' to 'ForQA'. (OPT-170)
Information: Changed wire load model for 'G_Cell' from '(none)' to 'ForQA'. (OPT-170)
Information: Changed wire load model for 'RCA_bw23' from '(none)' to 'ForQA'. (OPT-170)
Information: Changed wire load model for 'G_Cell' from '(none)' to 'ForQA'. (OPT-170)
Information: Changed wire load model for 'G_Cell' from '(none)' to 'ForQA'. (OPT-170)
Information: Changed wire load model for 'G_Cell' from '(none)' to 'ForQA'. (OPT-170)
Information: Changed wire load model for 'G_Cell' from '(none)' to 'ForQA'. (OPT-170)
Information: Changed wire load model for 'G_Cell' from '(none)' to 'ForQA'. (OPT-170)
Information: Changed wire load model for 'G_Cell' from '(none)' to 'ForQA'. (OPT-170)
Information: Changed wire load model for 'G_Cell' from '(none)' to 'ForQA'. (OPT-170)
Information: Changed wire load model for 'G_Cell' from '(none)' to 'ForQA'. (OPT-170)
Information: Changed wire load model for 'G_Cell' from '(none)' to 'ForQA'. (OPT-170)
Information: Changed wire load model for 'G_Cell' from '(none)' to 'ForQA'. (OPT-170)
Information: Changed wire load model for 'G_Cell' from '(none)' to 'ForQA'. (OPT-170)
Information: Changed wire load model for 'G_Cell' from '(none)' to 'ForQA'. (OPT-170)
Information: Changed wire load model for 'G_Cell' from '(none)' to 'ForQA'. (OPT-170)
Information: Changed wire load model for 'G_Cell' from '(none)' to 'ForQA'. (OPT-170)
Information: Changed wire load model for 'G_Cell' from '(none)' to 'ForQA'. (OPT-170)
Information: Changed wire load model for 'G_Cell' from '(none)' to 'ForQA'. (OPT-170)
Information: Changed wire load model for 'G_Cell' from '(none)' to 'ForQA'. (OPT-170)
Information: Changed wire load model for 'G_Cell' from '(none)' to 'ForQA'. (OPT-170)
Information: Changed wire load model for 'G_Cell' from '(none)' to 'ForQA'. (OPT-170)
Information: Changed wire load model for 'G_Cell' from '(none)' to 'ForQA'. (OPT-170)
Information: Changed wire load model for 'G_Cell' from '(none)' to 'ForQA'. (OPT-170)
Information: Changed wire load model for 'G_Cell' from '(none)' to 'ForQA'. (OPT-170)
Information: Changed wire load model for 'G_Cell' from '(none)' to 'ForQA'. (OPT-170)
Information: Changed wire load model for 'RCA_bw23' from '(none)' to 'ForQA'. (OPT-170)
Information: Changed wire load model for 'mantissa' from '(none)' to 'ForQA'. (OPT-170)
Information: Changed wire load model for 'G_Cell' from '(none)' to 'ForQA'. (OPT-170)
Information: Changed wire load model for 'G_Cell' from '(none)' to 'ForQA'. (OPT-170)
Information: Changed wire load model for 'G_Cell' from '(none)' to 'ForQA'. (OPT-170)
Information: Changed wire load model for 'G_Cell' from '(none)' to 'ForQA'. (OPT-170)
Information: Changed wire load model for 'G_Cell' from '(none)' to 'ForQA'. (OPT-170)
Information: Changed wire load model for 'RCA_bw5' from '(none)' to 'ForQA'. (OPT-170)
Information: Changed wire load model for 'G_Cell' from '(none)' to 'ForQA'. (OPT-170)
Information: Changed wire load model for 'G_Cell' from '(none)' to 'ForQA'. (OPT-170)
Information: Changed wire load model for 'G_Cell' from '(none)' to 'ForQA'. (OPT-170)
Information: Changed wire load model for 'G_Cell' from '(none)' to 'ForQA'. (OPT-170)
Information: Changed wire load model for 'G_Cell' from '(none)' to 'ForQA'. (OPT-170)
Information: Changed wire load model for 'RCA_bw5' from '(none)' to 'ForQA'. (OPT-170)
Information: Changed wire load model for 'G_Cell' from '(none)' to 'ForQA'. (OPT-170)
Information: Changed wire load model for 'G_Cell' from '(none)' to 'ForQA'. (OPT-170)
Information: Changed wire load model for 'G_Cell' from '(none)' to 'ForQA'. (OPT-170)
Information: Changed wire load model for 'G_Cell' from '(none)' to 'ForQA'. (OPT-170)
Information: Changed wire load model for 'G_Cell' from '(none)' to 'ForQA'. (OPT-170)
Information: Changed wire load model for 'RCA_bw5' from '(none)' to 'ForQA'. (OPT-170)
Information: Changed wire load model for 'G_Cell' from '(none)' to 'ForQA'. (OPT-170)
Information: Changed wire load model for 'G_Cell' from '(none)' to 'ForQA'. (OPT-170)
Information: Changed wire load model for 'G_Cell' from '(none)' to 'ForQA'. (OPT-170)
Information: Changed wire load model for 'G_Cell' from '(none)' to 'ForQA'. (OPT-170)
Information: Changed wire load model for 'G_Cell' from '(none)' to 'ForQA'. (OPT-170)
Information: Changed wire load model for 'RCA_bw5' from '(none)' to 'ForQA'. (OPT-170)
Information: Changed wire load model for 'G_Cell' from '(none)' to 'ForQA'. (OPT-170)
Information: Changed wire load model for 'G_Cell' from '(none)' to 'ForQA'. (OPT-170)
Information: Changed wire load model for 'G_Cell' from '(none)' to 'ForQA'. (OPT-170)
Information: Changed wire load model for 'G_Cell' from '(none)' to 'ForQA'. (OPT-170)
Information: Changed wire load model for 'G_Cell' from '(none)' to 'ForQA'. (OPT-170)
Information: Changed wire load model for 'G_Cell' from '(none)' to 'ForQA'. (OPT-170)
Information: Changed wire load model for 'RCA_bw6' from '(none)' to 'ForQA'. (OPT-170)
Information: Changed wire load model for 'compshift' from '(none)' to 'ForQA'. (OPT-170)
Information: Changed wire load model for 'encoder_add' from '(none)' to 'ForQA'. (OPT-170)
Information: Changed wire load model for 'fpadder' from '(none)' to 'ForQA'. (OPT-170)
Information: Changed wire load model for 'encoder_b' from '(none)' to 'ForQA'. (OPT-170)
Information: Changed wire load model for 'G_Cell' from '(none)' to 'ForQA'. (OPT-170)
Information: Changed wire load model for 'G_Cell' from '(none)' to 'ForQA'. (OPT-170)
Information: Changed wire load model for 'G_Cell' from '(none)' to 'ForQA'. (OPT-170)
Information: Changed wire load model for 'G_Cell' from '(none)' to 'ForQA'. (OPT-170)
Information: Changed wire load model for 'G_Cell' from '(none)' to 'ForQA'. (OPT-170)
Information: Changed wire load model for 'G_Cell' from '(none)' to 'ForQA'. (OPT-170)
Information: Changed wire load model for 'G_Cell' from '(none)' to 'ForQA'. (OPT-170)
Information: Changed wire load model for 'G_Cell' from '(none)' to 'ForQA'. (OPT-170)
Information: Changed wire load model for 'G_Cell' from '(none)' to 'ForQA'. (OPT-170)
Information: Changed wire load model for 'G_Cell' from '(none)' to 'ForQA'. (OPT-170)
Information: Changed wire load model for 'G_Cell' from '(none)' to 'ForQA'. (OPT-170)
Information: Changed wire load model for 'G_Cell' from '(none)' to 'ForQA'. (OPT-170)
Information: Changed wire load model for 'RCA_bw12' from '(none)' to 'ForQA'. (OPT-170)
Information: Changed wire load model for 'rounder' from '(none)' to 'ForQA'. (OPT-170)
Information: Changed wire load model for 'G_Cell' from '(none)' to 'ForQA'. (OPT-170)
Information: Changed wire load model for 'G_Cell' from '(none)' to 'ForQA'. (OPT-170)
Information: Changed wire load model for 'G_Cell' from '(none)' to 'ForQA'. (OPT-170)
Information: Changed wire load model for 'G_Cell' from '(none)' to 'ForQA'. (OPT-170)
Information: Changed wire load model for 'G_Cell' from '(none)' to 'ForQA'. (OPT-170)
Information: Changed wire load model for 'RCA_bw5' from '(none)' to 'ForQA'. (OPT-170)
Information: Changed wire load model for 'G_Cell' from '(none)' to 'ForQA'. (OPT-170)
Information: Changed wire load model for 'G_Cell' from '(none)' to 'ForQA'. (OPT-170)
Information: Changed wire load model for 'G_Cell' from '(none)' to 'ForQA'. (OPT-170)
Information: Changed wire load model for 'G_Cell' from '(none)' to 'ForQA'. (OPT-170)
Information: Changed wire load model for 'G_Cell' from '(none)' to 'ForQA'. (OPT-170)
Information: Changed wire load model for 'RCA_bw5' from '(none)' to 'ForQA'. (OPT-170)
Information: Changed wire load model for 'G_Cell' from '(none)' to 'ForQA'. (OPT-170)
Information: Changed wire load model for 'G_Cell' from '(none)' to 'ForQA'. (OPT-170)
Information: Changed wire load model for 'G_Cell' from '(none)' to 'ForQA'. (OPT-170)
Information: Changed wire load model for 'G_Cell' from '(none)' to 'ForQA'. (OPT-170)
Information: Changed wire load model for 'G_Cell' from '(none)' to 'ForQA'. (OPT-170)
Information: Changed wire load model for 'RCA_bw5' from '(none)' to 'ForQA'. (OPT-170)
Information: Changed wire load model for 'biasAdder' from '(none)' to 'ForQA'. (OPT-170)
Information: Changed wire load model for 'encoder_a' from '(none)' to 'ForQA'. (OPT-170)
Information: Changed wire load model for 'G_Cell' from '(none)' to 'ForQA'. (OPT-170)
Information: Changed wire load model for 'G_Cell' from '(none)' to 'ForQA'. (OPT-170)
Information: Changed wire load model for 'G_Cell' from '(none)' to 'ForQA'. (OPT-170)
Information: Changed wire load model for 'G_Cell' from '(none)' to 'ForQA'. (OPT-170)
Information: Changed wire load model for 'G_Cell' from '(none)' to 'ForQA'. (OPT-170)
Information: Changed wire load model for 'G_Cell' from '(none)' to 'ForQA'. (OPT-170)
Information: Changed wire load model for 'G_Cell' from '(none)' to 'ForQA'. (OPT-170)
Information: Changed wire load model for 'G_Cell' from '(none)' to 'ForQA'. (OPT-170)
Information: Changed wire load model for 'G_Cell' from '(none)' to 'ForQA'. (OPT-170)
Information: Changed wire load model for 'G_Cell' from '(none)' to 'ForQA'. (OPT-170)
Information: Changed wire load model for 'G_Cell' from '(none)' to 'ForQA'. (OPT-170)
Information: Changed wire load model for 'G_Cell' from '(none)' to 'ForQA'. (OPT-170)
Information: Changed wire load model for 'G_Cell' from '(none)' to 'ForQA'. (OPT-170)
Information: Changed wire load model for 'G_Cell' from '(none)' to 'ForQA'. (OPT-170)
Information: Changed wire load model for 'G_Cell' from '(none)' to 'ForQA'. (OPT-170)
Information: Changed wire load model for 'G_Cell' from '(none)' to 'ForQA'. (OPT-170)
Information: Changed wire load model for 'RCA_bw16' from '(none)' to 'ForQA'. (OPT-170)
Information: Changed wire load model for 'G_Cell' from '(none)' to 'ForQA'. (OPT-170)
Information: Changed wire load model for 'G_Cell' from '(none)' to 'ForQA'. (OPT-170)
Information: Changed wire load model for 'G_Cell' from '(none)' to 'ForQA'. (OPT-170)
Information: Changed wire load model for 'G_Cell' from '(none)' to 'ForQA'. (OPT-170)
Information: Changed wire load model for 'G_Cell' from '(none)' to 'ForQA'. (OPT-170)
Information: Changed wire load model for 'G_Cell' from '(none)' to 'ForQA'. (OPT-170)
Information: Changed wire load model for 'G_Cell' from '(none)' to 'ForQA'. (OPT-170)
Information: Changed wire load model for 'G_Cell' from '(none)' to 'ForQA'. (OPT-170)
Information: Changed wire load model for 'G_Cell' from '(none)' to 'ForQA'. (OPT-170)
Information: Changed wire load model for 'G_Cell' from '(none)' to 'ForQA'. (OPT-170)
Information: Changed wire load model for 'G_Cell' from '(none)' to 'ForQA'. (OPT-170)
Information: Changed wire load model for 'RCA_bw11' from '(none)' to 'ForQA'. (OPT-170)
Information: Changed wire load model for 'G_Cell' from '(none)' to 'ForQA'. (OPT-170)
Information: Changed wire load model for 'G_Cell' from '(none)' to 'ForQA'. (OPT-170)
Information: Changed wire load model for 'G_Cell' from '(none)' to 'ForQA'. (OPT-170)
Information: Changed wire load model for 'G_Cell' from '(none)' to 'ForQA'. (OPT-170)
Information: Changed wire load model for 'G_Cell' from '(none)' to 'ForQA'. (OPT-170)
Information: Changed wire load model for 'G_Cell' from '(none)' to 'ForQA'. (OPT-170)
Information: Changed wire load model for 'G_Cell' from '(none)' to 'ForQA'. (OPT-170)
Information: Changed wire load model for 'G_Cell' from '(none)' to 'ForQA'. (OPT-170)
Information: Changed wire load model for 'G_Cell' from '(none)' to 'ForQA'. (OPT-170)
Information: Changed wire load model for 'RCA_bw9' from '(none)' to 'ForQA'. (OPT-170)
Information: Changed wire load model for 'G_Cell' from '(none)' to 'ForQA'. (OPT-170)
Information: Changed wire load model for 'G_Cell' from '(none)' to 'ForQA'. (OPT-170)
Information: Changed wire load model for 'G_Cell' from '(none)' to 'ForQA'. (OPT-170)
Information: Changed wire load model for 'G_Cell' from '(none)' to 'ForQA'. (OPT-170)
Information: Changed wire load model for 'G_Cell' from '(none)' to 'ForQA'. (OPT-170)
Information: Changed wire load model for 'G_Cell' from '(none)' to 'ForQA'. (OPT-170)
Information: Changed wire load model for 'G_Cell' from '(none)' to 'ForQA'. (OPT-170)
Information: Changed wire load model for 'G_Cell' from '(none)' to 'ForQA'. (OPT-170)
Information: Changed wire load model for 'RCA_bw8' from '(none)' to 'ForQA'. (OPT-170)
Information: Changed wire load model for 'G_Cell' from '(none)' to 'ForQA'. (OPT-170)
Information: Changed wire load model for 'G_Cell' from '(none)' to 'ForQA'. (OPT-170)
Information: Changed wire load model for 'G_Cell' from '(none)' to 'ForQA'. (OPT-170)
Information: Changed wire load model for 'G_Cell' from '(none)' to 'ForQA'. (OPT-170)
Information: Changed wire load model for 'G_Cell' from '(none)' to 'ForQA'. (OPT-170)
Information: Changed wire load model for 'G_Cell' from '(none)' to 'ForQA'. (OPT-170)
Information: Changed wire load model for 'G_Cell' from '(none)' to 'ForQA'. (OPT-170)
Information: Changed wire load model for 'G_Cell' from '(none)' to 'ForQA'. (OPT-170)
Information: Changed wire load model for 'RCA_bw8' from '(none)' to 'ForQA'. (OPT-170)
Information: Changed wire load model for 'full_adder' from '(none)' to 'ForQA'. (OPT-170)
Information: Changed wire load model for 'full_adder' from '(none)' to 'ForQA'. (OPT-170)
Information: Changed wire load model for 'Adder5' from '(none)' to 'ForQA'. (OPT-170)
Information: Changed wire load model for 'full_adder' from '(none)' to 'ForQA'. (OPT-170)
Information: Changed wire load model for 'full_adder' from '(none)' to 'ForQA'. (OPT-170)
Information: Changed wire load model for 'full_adder' from '(none)' to 'ForQA'. (OPT-170)
Information: Changed wire load model for 'Adder4' from '(none)' to 'ForQA'. (OPT-170)
Information: Changed wire load model for 'full_adder' from '(none)' to 'ForQA'. (OPT-170)
Information: Changed wire load model for 'half_adder' from '(none)' to 'ForQA'. (OPT-170)
Information: Changed wire load model for 'half_adder' from '(none)' to 'ForQA'. (OPT-170)
Information: Changed wire load model for 'full_adder' from '(none)' to 'ForQA'. (OPT-170)
Information: Changed wire load model for 'half_adder' from '(none)' to 'ForQA'. (OPT-170)
Information: Changed wire load model for 'Adder3' from '(none)' to 'ForQA'. (OPT-170)
Information: Changed wire load model for 'full_adder' from '(none)' to 'ForQA'. (OPT-170)
Information: Changed wire load model for 'half_adder' from '(none)' to 'ForQA'. (OPT-170)
Information: Changed wire load model for 'half_adder' from '(none)' to 'ForQA'. (OPT-170)
Information: Changed wire load model for 'half_adder' from '(none)' to 'ForQA'. (OPT-170)
Information: Changed wire load model for 'Adder2' from '(none)' to 'ForQA'. (OPT-170)
Information: Changed wire load model for 'half_adder' from '(none)' to 'ForQA'. (OPT-170)
Information: Changed wire load model for 'vedic_4bit' from '(none)' to 'ForQA'. (OPT-170)
Information: Changed wire load model for 'G_Cell' from '(none)' to 'ForQA'. (OPT-170)
Information: Changed wire load model for 'G_Cell' from '(none)' to 'ForQA'. (OPT-170)
Information: Changed wire load model for 'G_Cell' from '(none)' to 'ForQA'. (OPT-170)
Information: Changed wire load model for 'G_Cell' from '(none)' to 'ForQA'. (OPT-170)
Information: Changed wire load model for 'RCA_bw4' from '(none)' to 'ForQA'. (OPT-170)
Information: Changed wire load model for 'G_Cell' from '(none)' to 'ForQA'. (OPT-170)
Information: Changed wire load model for 'G_Cell' from '(none)' to 'ForQA'. (OPT-170)
Information: Changed wire load model for 'G_Cell' from '(none)' to 'ForQA'. (OPT-170)
Information: Changed wire load model for 'G_Cell' from '(none)' to 'ForQA'. (OPT-170)
Information: Changed wire load model for 'RCA_bw4' from '(none)' to 'ForQA'. (OPT-170)
Information: Changed wire load model for 'full_adder' from '(none)' to 'ForQA'. (OPT-170)
Information: Changed wire load model for 'full_adder' from '(none)' to 'ForQA'. (OPT-170)
Information: Changed wire load model for 'Adder5' from '(none)' to 'ForQA'. (OPT-170)
Information: Changed wire load model for 'full_adder' from '(none)' to 'ForQA'. (OPT-170)
Information: Changed wire load model for 'full_adder' from '(none)' to 'ForQA'. (OPT-170)
Information: Changed wire load model for 'full_adder' from '(none)' to 'ForQA'. (OPT-170)
Information: Changed wire load model for 'Adder4' from '(none)' to 'ForQA'. (OPT-170)
Information: Changed wire load model for 'full_adder' from '(none)' to 'ForQA'. (OPT-170)
Information: Changed wire load model for 'half_adder' from '(none)' to 'ForQA'. (OPT-170)
Information: Changed wire load model for 'half_adder' from '(none)' to 'ForQA'. (OPT-170)
Information: Changed wire load model for 'full_adder' from '(none)' to 'ForQA'. (OPT-170)
Information: Changed wire load model for 'half_adder' from '(none)' to 'ForQA'. (OPT-170)
Information: Changed wire load model for 'Adder3' from '(none)' to 'ForQA'. (OPT-170)
Information: Changed wire load model for 'full_adder' from '(none)' to 'ForQA'. (OPT-170)
Information: Changed wire load model for 'half_adder' from '(none)' to 'ForQA'. (OPT-170)
Information: Changed wire load model for 'half_adder' from '(none)' to 'ForQA'. (OPT-170)
Information: Changed wire load model for 'half_adder' from '(none)' to 'ForQA'. (OPT-170)
Information: Changed wire load model for 'Adder2' from '(none)' to 'ForQA'. (OPT-170)
Information: Changed wire load model for 'half_adder' from '(none)' to 'ForQA'. (OPT-170)
Information: Changed wire load model for 'vedic_4bit' from '(none)' to 'ForQA'. (OPT-170)
Information: Changed wire load model for 'full_adder' from '(none)' to 'ForQA'. (OPT-170)
Information: Changed wire load model for 'full_adder' from '(none)' to 'ForQA'. (OPT-170)
Information: Changed wire load model for 'Adder5' from '(none)' to 'ForQA'. (OPT-170)
Information: Changed wire load model for 'full_adder' from '(none)' to 'ForQA'. (OPT-170)
Information: Changed wire load model for 'full_adder' from '(none)' to 'ForQA'. (OPT-170)
Information: Changed wire load model for 'full_adder' from '(none)' to 'ForQA'. (OPT-170)
Information: Changed wire load model for 'Adder4' from '(none)' to 'ForQA'. (OPT-170)
Information: Changed wire load model for 'full_adder' from '(none)' to 'ForQA'. (OPT-170)
Information: Changed wire load model for 'half_adder' from '(none)' to 'ForQA'. (OPT-170)
Information: Changed wire load model for 'half_adder' from '(none)' to 'ForQA'. (OPT-170)
Information: Changed wire load model for 'full_adder' from '(none)' to 'ForQA'. (OPT-170)
Information: Changed wire load model for 'half_adder' from '(none)' to 'ForQA'. (OPT-170)
Information: Changed wire load model for 'Adder3' from '(none)' to 'ForQA'. (OPT-170)
Information: Changed wire load model for 'full_adder' from '(none)' to 'ForQA'. (OPT-170)
Information: Changed wire load model for 'half_adder' from '(none)' to 'ForQA'. (OPT-170)
Information: Changed wire load model for 'half_adder' from '(none)' to 'ForQA'. (OPT-170)
Information: Changed wire load model for 'half_adder' from '(none)' to 'ForQA'. (OPT-170)
Information: Changed wire load model for 'Adder2' from '(none)' to 'ForQA'. (OPT-170)
Information: Changed wire load model for 'half_adder' from '(none)' to 'ForQA'. (OPT-170)
Information: Changed wire load model for 'vedic_4bit' from '(none)' to 'ForQA'. (OPT-170)
Information: Changed wire load model for 'karastuba_6bit' from '(none)' to 'ForQA'. (OPT-170)
Information: Changed wire load model for 'G_Cell' from '(none)' to 'ForQA'. (OPT-170)
Information: Changed wire load model for 'G_Cell' from '(none)' to 'ForQA'. (OPT-170)
Information: Changed wire load model for 'G_Cell' from '(none)' to 'ForQA'. (OPT-170)
Information: Changed wire load model for 'G_Cell' from '(none)' to 'ForQA'. (OPT-170)
Information: Changed wire load model for 'G_Cell' from '(none)' to 'ForQA'. (OPT-170)
Information: Changed wire load model for 'G_Cell' from '(none)' to 'ForQA'. (OPT-170)
Information: Changed wire load model for 'G_Cell' from '(none)' to 'ForQA'. (OPT-170)
Information: Changed wire load model for 'G_Cell' from '(none)' to 'ForQA'. (OPT-170)
Information: Changed wire load model for 'G_Cell' from '(none)' to 'ForQA'. (OPT-170)
Information: Changed wire load model for 'RCA_bw9' from '(none)' to 'ForQA'. (OPT-170)
Information: Changed wire load model for 'G_Cell' from '(none)' to 'ForQA'. (OPT-170)
Information: Changed wire load model for 'G_Cell' from '(none)' to 'ForQA'. (OPT-170)
Information: Changed wire load model for 'G_Cell' from '(none)' to 'ForQA'. (OPT-170)
Information: Changed wire load model for 'G_Cell' from '(none)' to 'ForQA'. (OPT-170)
Information: Changed wire load model for 'G_Cell' from '(none)' to 'ForQA'. (OPT-170)
Information: Changed wire load model for 'G_Cell' from '(none)' to 'ForQA'. (OPT-170)
Information: Changed wire load model for 'G_Cell' from '(none)' to 'ForQA'. (OPT-170)
Information: Changed wire load model for 'G_Cell' from '(none)' to 'ForQA'. (OPT-170)
Information: Changed wire load model for 'RCA_bw8' from '(none)' to 'ForQA'. (OPT-170)
Information: Changed wire load model for 'G_Cell' from '(none)' to 'ForQA'. (OPT-170)
Information: Changed wire load model for 'G_Cell' from '(none)' to 'ForQA'. (OPT-170)
Information: Changed wire load model for 'G_Cell' from '(none)' to 'ForQA'. (OPT-170)
Information: Changed wire load model for 'G_Cell' from '(none)' to 'ForQA'. (OPT-170)
Information: Changed wire load model for 'G_Cell' from '(none)' to 'ForQA'. (OPT-170)
Information: Changed wire load model for 'G_Cell' from '(none)' to 'ForQA'. (OPT-170)
Information: Changed wire load model for 'G_Cell' from '(none)' to 'ForQA'. (OPT-170)
Information: Changed wire load model for 'G_Cell' from '(none)' to 'ForQA'. (OPT-170)
Information: Changed wire load model for 'RCA_bw8' from '(none)' to 'ForQA'. (OPT-170)
Information: Changed wire load model for 'full_adder' from '(none)' to 'ForQA'. (OPT-170)
Information: Changed wire load model for 'full_adder' from '(none)' to 'ForQA'. (OPT-170)
Information: Changed wire load model for 'Adder5' from '(none)' to 'ForQA'. (OPT-170)
Information: Changed wire load model for 'full_adder' from '(none)' to 'ForQA'. (OPT-170)
Information: Changed wire load model for 'full_adder' from '(none)' to 'ForQA'. (OPT-170)
Information: Changed wire load model for 'full_adder' from '(none)' to 'ForQA'. (OPT-170)
Information: Changed wire load model for 'Adder4' from '(none)' to 'ForQA'. (OPT-170)
Information: Changed wire load model for 'full_adder' from '(none)' to 'ForQA'. (OPT-170)
Information: Changed wire load model for 'half_adder' from '(none)' to 'ForQA'. (OPT-170)
Information: Changed wire load model for 'half_adder' from '(none)' to 'ForQA'. (OPT-170)
Information: Changed wire load model for 'full_adder' from '(none)' to 'ForQA'. (OPT-170)
Information: Changed wire load model for 'half_adder' from '(none)' to 'ForQA'. (OPT-170)
Information: Changed wire load model for 'Adder3' from '(none)' to 'ForQA'. (OPT-170)
Information: Changed wire load model for 'full_adder' from '(none)' to 'ForQA'. (OPT-170)
Information: Changed wire load model for 'half_adder' from '(none)' to 'ForQA'. (OPT-170)
Information: Changed wire load model for 'half_adder' from '(none)' to 'ForQA'. (OPT-170)
Information: Changed wire load model for 'half_adder' from '(none)' to 'ForQA'. (OPT-170)
Information: Changed wire load model for 'Adder2' from '(none)' to 'ForQA'. (OPT-170)
Information: Changed wire load model for 'half_adder' from '(none)' to 'ForQA'. (OPT-170)
Information: Changed wire load model for 'vedic_4bit' from '(none)' to 'ForQA'. (OPT-170)
Information: Changed wire load model for 'G_Cell' from '(none)' to 'ForQA'. (OPT-170)
Information: Changed wire load model for 'G_Cell' from '(none)' to 'ForQA'. (OPT-170)
Information: Changed wire load model for 'G_Cell' from '(none)' to 'ForQA'. (OPT-170)
Information: Changed wire load model for 'G_Cell' from '(none)' to 'ForQA'. (OPT-170)
Information: Changed wire load model for 'RCA_bw4' from '(none)' to 'ForQA'. (OPT-170)
Information: Changed wire load model for 'G_Cell' from '(none)' to 'ForQA'. (OPT-170)
Information: Changed wire load model for 'G_Cell' from '(none)' to 'ForQA'. (OPT-170)
Information: Changed wire load model for 'G_Cell' from '(none)' to 'ForQA'. (OPT-170)
Information: Changed wire load model for 'G_Cell' from '(none)' to 'ForQA'. (OPT-170)
Information: Changed wire load model for 'RCA_bw4' from '(none)' to 'ForQA'. (OPT-170)
Information: Changed wire load model for 'full_adder' from '(none)' to 'ForQA'. (OPT-170)
Information: Changed wire load model for 'full_adder' from '(none)' to 'ForQA'. (OPT-170)
Information: Changed wire load model for 'Adder5' from '(none)' to 'ForQA'. (OPT-170)
Information: Changed wire load model for 'full_adder' from '(none)' to 'ForQA'. (OPT-170)
Information: Changed wire load model for 'full_adder' from '(none)' to 'ForQA'. (OPT-170)
Information: Changed wire load model for 'full_adder' from '(none)' to 'ForQA'. (OPT-170)
Information: Changed wire load model for 'Adder4' from '(none)' to 'ForQA'. (OPT-170)
Information: Changed wire load model for 'full_adder' from '(none)' to 'ForQA'. (OPT-170)
Information: Changed wire load model for 'half_adder' from '(none)' to 'ForQA'. (OPT-170)
Information: Changed wire load model for 'half_adder' from '(none)' to 'ForQA'. (OPT-170)
Information: Changed wire load model for 'full_adder' from '(none)' to 'ForQA'. (OPT-170)
Information: Changed wire load model for 'half_adder' from '(none)' to 'ForQA'. (OPT-170)
Information: Changed wire load model for 'Adder3' from '(none)' to 'ForQA'. (OPT-170)
Information: Changed wire load model for 'full_adder' from '(none)' to 'ForQA'. (OPT-170)
Information: Changed wire load model for 'half_adder' from '(none)' to 'ForQA'. (OPT-170)
Information: Changed wire load model for 'half_adder' from '(none)' to 'ForQA'. (OPT-170)
Information: Changed wire load model for 'half_adder' from '(none)' to 'ForQA'. (OPT-170)
Information: Changed wire load model for 'Adder2' from '(none)' to 'ForQA'. (OPT-170)
Information: Changed wire load model for 'half_adder' from '(none)' to 'ForQA'. (OPT-170)
Information: Changed wire load model for 'vedic_4bit' from '(none)' to 'ForQA'. (OPT-170)
Information: Changed wire load model for 'full_adder' from '(none)' to 'ForQA'. (OPT-170)
Information: Changed wire load model for 'full_adder' from '(none)' to 'ForQA'. (OPT-170)
Information: Changed wire load model for 'Adder5' from '(none)' to 'ForQA'. (OPT-170)
Information: Changed wire load model for 'full_adder' from '(none)' to 'ForQA'. (OPT-170)
Information: Changed wire load model for 'full_adder' from '(none)' to 'ForQA'. (OPT-170)
Information: Changed wire load model for 'full_adder' from '(none)' to 'ForQA'. (OPT-170)
Information: Changed wire load model for 'Adder4' from '(none)' to 'ForQA'. (OPT-170)
Information: Changed wire load model for 'full_adder' from '(none)' to 'ForQA'. (OPT-170)
Information: Changed wire load model for 'half_adder' from '(none)' to 'ForQA'. (OPT-170)
Information: Changed wire load model for 'half_adder' from '(none)' to 'ForQA'. (OPT-170)
Information: Changed wire load model for 'full_adder' from '(none)' to 'ForQA'. (OPT-170)
Information: Changed wire load model for 'half_adder' from '(none)' to 'ForQA'. (OPT-170)
Information: Changed wire load model for 'Adder3' from '(none)' to 'ForQA'. (OPT-170)
Information: Changed wire load model for 'full_adder' from '(none)' to 'ForQA'. (OPT-170)
Information: Changed wire load model for 'half_adder' from '(none)' to 'ForQA'. (OPT-170)
Information: Changed wire load model for 'half_adder' from '(none)' to 'ForQA'. (OPT-170)
Information: Changed wire load model for 'half_adder' from '(none)' to 'ForQA'. (OPT-170)
Information: Changed wire load model for 'Adder2' from '(none)' to 'ForQA'. (OPT-170)
Information: Changed wire load model for 'half_adder' from '(none)' to 'ForQA'. (OPT-170)
Information: Changed wire load model for 'vedic_4bit' from '(none)' to 'ForQA'. (OPT-170)
Information: Changed wire load model for 'karastuba_6bit' from '(none)' to 'ForQA'. (OPT-170)
Information: Changed wire load model for 'G_Cell' from '(none)' to 'ForQA'. (OPT-170)
Information: Changed wire load model for 'G_Cell' from '(none)' to 'ForQA'. (OPT-170)
Information: Changed wire load model for 'G_Cell' from '(none)' to 'ForQA'. (OPT-170)
Information: Changed wire load model for 'G_Cell' from '(none)' to 'ForQA'. (OPT-170)
Information: Changed wire load model for 'G_Cell' from '(none)' to 'ForQA'. (OPT-170)
Information: Changed wire load model for 'G_Cell' from '(none)' to 'ForQA'. (OPT-170)
Information: Changed wire load model for 'G_Cell' from '(none)' to 'ForQA'. (OPT-170)
Information: Changed wire load model for 'G_Cell' from '(none)' to 'ForQA'. (OPT-170)
Information: Changed wire load model for 'G_Cell' from '(none)' to 'ForQA'. (OPT-170)
Information: Changed wire load model for 'RCA_bw9' from '(none)' to 'ForQA'. (OPT-170)
Information: Changed wire load model for 'G_Cell' from '(none)' to 'ForQA'. (OPT-170)
Information: Changed wire load model for 'G_Cell' from '(none)' to 'ForQA'. (OPT-170)
Information: Changed wire load model for 'G_Cell' from '(none)' to 'ForQA'. (OPT-170)
Information: Changed wire load model for 'G_Cell' from '(none)' to 'ForQA'. (OPT-170)
Information: Changed wire load model for 'G_Cell' from '(none)' to 'ForQA'. (OPT-170)
Information: Changed wire load model for 'G_Cell' from '(none)' to 'ForQA'. (OPT-170)
Information: Changed wire load model for 'G_Cell' from '(none)' to 'ForQA'. (OPT-170)
Information: Changed wire load model for 'G_Cell' from '(none)' to 'ForQA'. (OPT-170)
Information: Changed wire load model for 'RCA_bw8' from '(none)' to 'ForQA'. (OPT-170)
Information: Changed wire load model for 'G_Cell' from '(none)' to 'ForQA'. (OPT-170)
Information: Changed wire load model for 'G_Cell' from '(none)' to 'ForQA'. (OPT-170)
Information: Changed wire load model for 'G_Cell' from '(none)' to 'ForQA'. (OPT-170)
Information: Changed wire load model for 'G_Cell' from '(none)' to 'ForQA'. (OPT-170)
Information: Changed wire load model for 'G_Cell' from '(none)' to 'ForQA'. (OPT-170)
Information: Changed wire load model for 'G_Cell' from '(none)' to 'ForQA'. (OPT-170)
Information: Changed wire load model for 'G_Cell' from '(none)' to 'ForQA'. (OPT-170)
Information: Changed wire load model for 'G_Cell' from '(none)' to 'ForQA'. (OPT-170)
Information: Changed wire load model for 'RCA_bw8' from '(none)' to 'ForQA'. (OPT-170)
Information: Changed wire load model for 'full_adder' from '(none)' to 'ForQA'. (OPT-170)
Information: Changed wire load model for 'full_adder' from '(none)' to 'ForQA'. (OPT-170)
Information: Changed wire load model for 'Adder5' from '(none)' to 'ForQA'. (OPT-170)
Information: Changed wire load model for 'full_adder' from '(none)' to 'ForQA'. (OPT-170)
Information: Changed wire load model for 'full_adder' from '(none)' to 'ForQA'. (OPT-170)
Information: Changed wire load model for 'full_adder' from '(none)' to 'ForQA'. (OPT-170)
Information: Changed wire load model for 'Adder4' from '(none)' to 'ForQA'. (OPT-170)
Information: Changed wire load model for 'full_adder' from '(none)' to 'ForQA'. (OPT-170)
Information: Changed wire load model for 'half_adder' from '(none)' to 'ForQA'. (OPT-170)
Information: Changed wire load model for 'half_adder' from '(none)' to 'ForQA'. (OPT-170)
Information: Changed wire load model for 'full_adder' from '(none)' to 'ForQA'. (OPT-170)
Information: Changed wire load model for 'half_adder' from '(none)' to 'ForQA'. (OPT-170)
Information: Changed wire load model for 'Adder3' from '(none)' to 'ForQA'. (OPT-170)
Information: Changed wire load model for 'full_adder' from '(none)' to 'ForQA'. (OPT-170)
Information: Changed wire load model for 'half_adder' from '(none)' to 'ForQA'. (OPT-170)
Information: Changed wire load model for 'half_adder' from '(none)' to 'ForQA'. (OPT-170)
Information: Changed wire load model for 'half_adder' from '(none)' to 'ForQA'. (OPT-170)
Information: Changed wire load model for 'Adder2' from '(none)' to 'ForQA'. (OPT-170)
Information: Changed wire load model for 'half_adder' from '(none)' to 'ForQA'. (OPT-170)
Information: Changed wire load model for 'vedic_4bit' from '(none)' to 'ForQA'. (OPT-170)
Information: Changed wire load model for 'G_Cell' from '(none)' to 'ForQA'. (OPT-170)
Information: Changed wire load model for 'G_Cell' from '(none)' to 'ForQA'. (OPT-170)
Information: Changed wire load model for 'G_Cell' from '(none)' to 'ForQA'. (OPT-170)
Information: Changed wire load model for 'G_Cell' from '(none)' to 'ForQA'. (OPT-170)
Information: Changed wire load model for 'RCA_bw4' from '(none)' to 'ForQA'. (OPT-170)
Information: Changed wire load model for 'G_Cell' from '(none)' to 'ForQA'. (OPT-170)
Information: Changed wire load model for 'G_Cell' from '(none)' to 'ForQA'. (OPT-170)
Information: Changed wire load model for 'G_Cell' from '(none)' to 'ForQA'. (OPT-170)
Information: Changed wire load model for 'G_Cell' from '(none)' to 'ForQA'. (OPT-170)
Information: Changed wire load model for 'RCA_bw4' from '(none)' to 'ForQA'. (OPT-170)
Information: Changed wire load model for 'full_adder' from '(none)' to 'ForQA'. (OPT-170)
Information: Changed wire load model for 'full_adder' from '(none)' to 'ForQA'. (OPT-170)
Information: Changed wire load model for 'Adder5' from '(none)' to 'ForQA'. (OPT-170)
Information: Changed wire load model for 'full_adder' from '(none)' to 'ForQA'. (OPT-170)
Information: Changed wire load model for 'full_adder' from '(none)' to 'ForQA'. (OPT-170)
Information: Changed wire load model for 'full_adder' from '(none)' to 'ForQA'. (OPT-170)
Information: Changed wire load model for 'Adder4' from '(none)' to 'ForQA'. (OPT-170)
Information: Changed wire load model for 'full_adder' from '(none)' to 'ForQA'. (OPT-170)
Information: Changed wire load model for 'half_adder' from '(none)' to 'ForQA'. (OPT-170)
Information: Changed wire load model for 'half_adder' from '(none)' to 'ForQA'. (OPT-170)
Information: Changed wire load model for 'full_adder' from '(none)' to 'ForQA'. (OPT-170)
Information: Changed wire load model for 'half_adder' from '(none)' to 'ForQA'. (OPT-170)
Information: Changed wire load model for 'Adder3' from '(none)' to 'ForQA'. (OPT-170)
Information: Changed wire load model for 'full_adder' from '(none)' to 'ForQA'. (OPT-170)
Information: Changed wire load model for 'half_adder' from '(none)' to 'ForQA'. (OPT-170)
Information: Changed wire load model for 'half_adder' from '(none)' to 'ForQA'. (OPT-170)
Information: Changed wire load model for 'half_adder' from '(none)' to 'ForQA'. (OPT-170)
Information: Changed wire load model for 'Adder2' from '(none)' to 'ForQA'. (OPT-170)
Information: Changed wire load model for 'half_adder' from '(none)' to 'ForQA'. (OPT-170)
Information: Changed wire load model for 'vedic_4bit' from '(none)' to 'ForQA'. (OPT-170)
Information: Changed wire load model for 'full_adder' from '(none)' to 'ForQA'. (OPT-170)
Information: Changed wire load model for 'full_adder' from '(none)' to 'ForQA'. (OPT-170)
Information: Changed wire load model for 'Adder5' from '(none)' to 'ForQA'. (OPT-170)
Information: Changed wire load model for 'full_adder' from '(none)' to 'ForQA'. (OPT-170)
Information: Changed wire load model for 'full_adder' from '(none)' to 'ForQA'. (OPT-170)
Information: Changed wire load model for 'full_adder' from '(none)' to 'ForQA'. (OPT-170)
Information: Changed wire load model for 'Adder4' from '(none)' to 'ForQA'. (OPT-170)
Information: Changed wire load model for 'full_adder' from '(none)' to 'ForQA'. (OPT-170)
Information: Changed wire load model for 'half_adder' from '(none)' to 'ForQA'. (OPT-170)
Information: Changed wire load model for 'half_adder' from '(none)' to 'ForQA'. (OPT-170)
Information: Changed wire load model for 'full_adder' from '(none)' to 'ForQA'. (OPT-170)
Information: Changed wire load model for 'half_adder' from '(none)' to 'ForQA'. (OPT-170)
Information: Changed wire load model for 'Adder3' from '(none)' to 'ForQA'. (OPT-170)
Information: Changed wire load model for 'full_adder' from '(none)' to 'ForQA'. (OPT-170)
Information: Changed wire load model for 'half_adder' from '(none)' to 'ForQA'. (OPT-170)
Information: Changed wire load model for 'half_adder' from '(none)' to 'ForQA'. (OPT-170)
Information: Changed wire load model for 'half_adder' from '(none)' to 'ForQA'. (OPT-170)
Information: Changed wire load model for 'Adder2' from '(none)' to 'ForQA'. (OPT-170)
Information: Changed wire load model for 'half_adder' from '(none)' to 'ForQA'. (OPT-170)
Information: Changed wire load model for 'vedic_4bit' from '(none)' to 'ForQA'. (OPT-170)
Information: Changed wire load model for 'karastuba_6bit' from '(none)' to 'ForQA'. (OPT-170)
Information: Changed wire load model for 'G_Cell' from '(none)' to 'ForQA'. (OPT-170)
Information: Changed wire load model for 'G_Cell' from '(none)' to 'ForQA'. (OPT-170)
Information: Changed wire load model for 'G_Cell' from '(none)' to 'ForQA'. (OPT-170)
Information: Changed wire load model for 'G_Cell' from '(none)' to 'ForQA'. (OPT-170)
Information: Changed wire load model for 'G_Cell' from '(none)' to 'ForQA'. (OPT-170)
Information: Changed wire load model for 'G_Cell' from '(none)' to 'ForQA'. (OPT-170)
Information: Changed wire load model for 'G_Cell' from '(none)' to 'ForQA'. (OPT-170)
Information: Changed wire load model for 'G_Cell' from '(none)' to 'ForQA'. (OPT-170)
Information: Changed wire load model for 'G_Cell' from '(none)' to 'ForQA'. (OPT-170)
Information: Changed wire load model for 'RCA_bw9' from '(none)' to 'ForQA'. (OPT-170)
Information: Changed wire load model for 'G_Cell' from '(none)' to 'ForQA'. (OPT-170)
Information: Changed wire load model for 'G_Cell' from '(none)' to 'ForQA'. (OPT-170)
Information: Changed wire load model for 'G_Cell' from '(none)' to 'ForQA'. (OPT-170)
Information: Changed wire load model for 'G_Cell' from '(none)' to 'ForQA'. (OPT-170)
Information: Changed wire load model for 'G_Cell' from '(none)' to 'ForQA'. (OPT-170)
Information: Changed wire load model for 'G_Cell' from '(none)' to 'ForQA'. (OPT-170)
Information: Changed wire load model for 'G_Cell' from '(none)' to 'ForQA'. (OPT-170)
Information: Changed wire load model for 'G_Cell' from '(none)' to 'ForQA'. (OPT-170)
Information: Changed wire load model for 'RCA_bw8' from '(none)' to 'ForQA'. (OPT-170)
Information: Changed wire load model for 'G_Cell' from '(none)' to 'ForQA'. (OPT-170)
Information: Changed wire load model for 'G_Cell' from '(none)' to 'ForQA'. (OPT-170)
Information: Changed wire load model for 'G_Cell' from '(none)' to 'ForQA'. (OPT-170)
Information: Changed wire load model for 'G_Cell' from '(none)' to 'ForQA'. (OPT-170)
Information: Changed wire load model for 'G_Cell' from '(none)' to 'ForQA'. (OPT-170)
Information: Changed wire load model for 'G_Cell' from '(none)' to 'ForQA'. (OPT-170)
Information: Changed wire load model for 'G_Cell' from '(none)' to 'ForQA'. (OPT-170)
Information: Changed wire load model for 'G_Cell' from '(none)' to 'ForQA'. (OPT-170)
Information: Changed wire load model for 'RCA_bw8' from '(none)' to 'ForQA'. (OPT-170)
Information: Changed wire load model for 'full_adder' from '(none)' to 'ForQA'. (OPT-170)
Information: Changed wire load model for 'full_adder' from '(none)' to 'ForQA'. (OPT-170)
Information: Changed wire load model for 'Adder5' from '(none)' to 'ForQA'. (OPT-170)
Information: Changed wire load model for 'full_adder' from '(none)' to 'ForQA'. (OPT-170)
Information: Changed wire load model for 'full_adder' from '(none)' to 'ForQA'. (OPT-170)
Information: Changed wire load model for 'full_adder' from '(none)' to 'ForQA'. (OPT-170)
Information: Changed wire load model for 'Adder4' from '(none)' to 'ForQA'. (OPT-170)
Information: Changed wire load model for 'full_adder' from '(none)' to 'ForQA'. (OPT-170)
Information: Changed wire load model for 'half_adder' from '(none)' to 'ForQA'. (OPT-170)
Information: Changed wire load model for 'half_adder' from '(none)' to 'ForQA'. (OPT-170)
Information: Changed wire load model for 'full_adder' from '(none)' to 'ForQA'. (OPT-170)
Information: Changed wire load model for 'half_adder' from '(none)' to 'ForQA'. (OPT-170)
Information: Changed wire load model for 'Adder3' from '(none)' to 'ForQA'. (OPT-170)
Information: Changed wire load model for 'full_adder' from '(none)' to 'ForQA'. (OPT-170)
Information: Changed wire load model for 'half_adder' from '(none)' to 'ForQA'. (OPT-170)
Information: Changed wire load model for 'half_adder' from '(none)' to 'ForQA'. (OPT-170)
Information: Changed wire load model for 'half_adder' from '(none)' to 'ForQA'. (OPT-170)
Information: Changed wire load model for 'Adder2' from '(none)' to 'ForQA'. (OPT-170)
Information: Changed wire load model for 'half_adder' from '(none)' to 'ForQA'. (OPT-170)
Information: Changed wire load model for 'vedic_4bit' from '(none)' to 'ForQA'. (OPT-170)
Information: Changed wire load model for 'G_Cell' from '(none)' to 'ForQA'. (OPT-170)
Information: Changed wire load model for 'G_Cell' from '(none)' to 'ForQA'. (OPT-170)
Information: Changed wire load model for 'G_Cell' from '(none)' to 'ForQA'. (OPT-170)
Information: Changed wire load model for 'G_Cell' from '(none)' to 'ForQA'. (OPT-170)
Information: Changed wire load model for 'RCA_bw4' from '(none)' to 'ForQA'. (OPT-170)
Information: Changed wire load model for 'G_Cell' from '(none)' to 'ForQA'. (OPT-170)
Information: Changed wire load model for 'G_Cell' from '(none)' to 'ForQA'. (OPT-170)
Information: Changed wire load model for 'G_Cell' from '(none)' to 'ForQA'. (OPT-170)
Information: Changed wire load model for 'G_Cell' from '(none)' to 'ForQA'. (OPT-170)
Information: Changed wire load model for 'RCA_bw4' from '(none)' to 'ForQA'. (OPT-170)
Information: Changed wire load model for 'full_adder' from '(none)' to 'ForQA'. (OPT-170)
Information: Changed wire load model for 'full_adder' from '(none)' to 'ForQA'. (OPT-170)
Information: Changed wire load model for 'Adder5' from '(none)' to 'ForQA'. (OPT-170)
Information: Changed wire load model for 'full_adder' from '(none)' to 'ForQA'. (OPT-170)
Information: Changed wire load model for 'full_adder' from '(none)' to 'ForQA'. (OPT-170)
Information: Changed wire load model for 'full_adder' from '(none)' to 'ForQA'. (OPT-170)
Information: Changed wire load model for 'Adder4' from '(none)' to 'ForQA'. (OPT-170)
Information: Changed wire load model for 'full_adder' from '(none)' to 'ForQA'. (OPT-170)
Information: Changed wire load model for 'half_adder' from '(none)' to 'ForQA'. (OPT-170)
Information: Changed wire load model for 'half_adder' from '(none)' to 'ForQA'. (OPT-170)
Information: Changed wire load model for 'full_adder' from '(none)' to 'ForQA'. (OPT-170)
Information: Changed wire load model for 'half_adder' from '(none)' to 'ForQA'. (OPT-170)
Information: Changed wire load model for 'Adder3' from '(none)' to 'ForQA'. (OPT-170)
Information: Changed wire load model for 'full_adder' from '(none)' to 'ForQA'. (OPT-170)
Information: Changed wire load model for 'half_adder' from '(none)' to 'ForQA'. (OPT-170)
Information: Changed wire load model for 'half_adder' from '(none)' to 'ForQA'. (OPT-170)
Information: Changed wire load model for 'half_adder' from '(none)' to 'ForQA'. (OPT-170)
Information: Changed wire load model for 'Adder2' from '(none)' to 'ForQA'. (OPT-170)
Information: Changed wire load model for 'half_adder' from '(none)' to 'ForQA'. (OPT-170)
Information: Changed wire load model for 'vedic_4bit' from '(none)' to 'ForQA'. (OPT-170)
Information: Changed wire load model for 'full_adder' from '(none)' to 'ForQA'. (OPT-170)
Information: Changed wire load model for 'full_adder' from '(none)' to 'ForQA'. (OPT-170)
Information: Changed wire load model for 'Adder5' from '(none)' to 'ForQA'. (OPT-170)
Information: Changed wire load model for 'full_adder' from '(none)' to 'ForQA'. (OPT-170)
Information: Changed wire load model for 'full_adder' from '(none)' to 'ForQA'. (OPT-170)
Information: Changed wire load model for 'full_adder' from '(none)' to 'ForQA'. (OPT-170)
Information: Changed wire load model for 'Adder4' from '(none)' to 'ForQA'. (OPT-170)
Information: Changed wire load model for 'full_adder' from '(none)' to 'ForQA'. (OPT-170)
Information: Changed wire load model for 'half_adder' from '(none)' to 'ForQA'. (OPT-170)
Information: Changed wire load model for 'half_adder' from '(none)' to 'ForQA'. (OPT-170)
Information: Changed wire load model for 'full_adder' from '(none)' to 'ForQA'. (OPT-170)
Information: Changed wire load model for 'half_adder' from '(none)' to 'ForQA'. (OPT-170)
Information: Changed wire load model for 'Adder3' from '(none)' to 'ForQA'. (OPT-170)
Information: Changed wire load model for 'full_adder' from '(none)' to 'ForQA'. (OPT-170)
Information: Changed wire load model for 'half_adder' from '(none)' to 'ForQA'. (OPT-170)
Information: Changed wire load model for 'half_adder' from '(none)' to 'ForQA'. (OPT-170)
Information: Changed wire load model for 'half_adder' from '(none)' to 'ForQA'. (OPT-170)
Information: Changed wire load model for 'Adder2' from '(none)' to 'ForQA'. (OPT-170)
Information: Changed wire load model for 'half_adder' from '(none)' to 'ForQA'. (OPT-170)
Information: Changed wire load model for 'vedic_4bit' from '(none)' to 'ForQA'. (OPT-170)
Information: Changed wire load model for 'karastuba_6bit' from '(none)' to 'ForQA'. (OPT-170)
Information: Changed wire load model for 'karastuba_11bit' from '(none)' to 'ForQA'. (OPT-170)
Information: Changed wire load model for 'menMult' from '(none)' to 'ForQA'. (OPT-170)
Information: Changed wire load model for 'fp16multiplier' from '(none)' to 'ForQA'. (OPT-170)
Information: Changed wire load model for 'DW_leftsh' from '(none)' to 'ForQA'. (OPT-170)
Information: Changed wire load model for '*ASH_UNS_UNS_OP_23_1_23' from '(none)' to 'ForQA'. (OPT-170)
Information: Changed wire load model for 'DW_leftsh' from '(none)' to 'ForQA'. (OPT-170)
Information: Changed wire load model for '*ASH_UNS_UNS_OP_23_1_23' from '(none)' to 'ForQA'. (OPT-170)
Information: Changed wire load model for 'DW_leftsh' from '(none)' to 'ForQA'. (OPT-170)
Information: Changed wire load model for '*ASH_UNS_UNS_OP_23_1_23' from '(none)' to 'ForQA'. (OPT-170)
Information: Changed wire load model for 'DW_leftsh' from '(none)' to 'ForQA'. (OPT-170)
Information: Changed wire load model for '*ASH_UNS_UNS_OP_23_1_23' from '(none)' to 'ForQA'. (OPT-170)
Information: Changed wire load model for 'DW_leftsh' from '(none)' to 'ForQA'. (OPT-170)
Information: Changed wire load model for '*ASH_UNS_UNS_OP_23_1_23' from '(none)' to 'ForQA'. (OPT-170)
Information: Changed wire load model for 'DW_leftsh' from '(none)' to 'ForQA'. (OPT-170)
Information: Changed wire load model for '*ASH_UNS_UNS_OP_23_1_23' from '(none)' to 'ForQA'. (OPT-170)
Information: Changed wire load model for 'DW_leftsh' from '(none)' to 'ForQA'. (OPT-170)
Information: Changed wire load model for '*ASH_UNS_UNS_OP_23_1_23' from '(none)' to 'ForQA'. (OPT-170)
Information: Changed wire load model for 'DW_leftsh' from '(none)' to 'ForQA'. (OPT-170)
Information: Changed wire load model for '*ASH_UNS_UNS_OP_23_1_23' from '(none)' to 'ForQA'. (OPT-170)
Information: Changed wire load model for 'DW_leftsh' from '(none)' to 'ForQA'. (OPT-170)
Information: Changed wire load model for '*ASH_UNS_UNS_OP_23_1_23' from '(none)' to 'ForQA'. (OPT-170)
Information: Changed wire load model for 'DW_leftsh' from '(none)' to 'ForQA'. (OPT-170)
Information: Changed wire load model for '*ASH_UNS_UNS_OP_23_1_23' from '(none)' to 'ForQA'. (OPT-170)
Information: Changed wire load model for 'DW_leftsh' from '(none)' to 'ForQA'. (OPT-170)
Information: Changed wire load model for '*ASH_UNS_UNS_OP_23_1_23' from '(none)' to 'ForQA'. (OPT-170)
Information: Changed wire load model for 'DW_rightsh' from '(none)' to 'ForQA'. (OPT-170)
Information: Changed wire load model for '*ASHR_UNS_UNS_OP_22_5_22' from '(none)' to 'ForQA'. (OPT-170)
Information: Changed wire load model for 'DW_rightsh' from '(none)' to 'ForQA'. (OPT-170)
Information: Changed wire load model for '*ASHR_UNS_UNS_OP_22_5_22' from '(none)' to 'ForQA'. (OPT-170)
Information: Updating design information... (UID-85)
 
****************************************
Report : qor
Design : fp16MAC
Version: O-2018.06-SP4
Date   : Fri Dec 23 23:44:42 2022
****************************************


  Timing Path Group 'MAIN_CLOCK'
  -----------------------------------
  Levels of Logic:               0.00
  Critical Path Length:          0.00
  Critical Path Slack:           2.50
  Critical Path Clk Period:      5.00
  Total Negative Slack:          0.00
  No. of Violating Paths:        0.00
  Worst Hold Violation:         -0.60
  Total Hold Violation:        -46.39
  No. of Hold Violations:       96.00
  -----------------------------------


  Cell Count
  -----------------------------------
  Hierarchical Cell Count:        682
  Hierarchical Port Count:       5825
  Leaf Cell Count:               3773
  Buf/Inv Cell Count:             184
  Buf Cell Count:                  31
  Inv Cell Count:                 153
  CT Buf/Inv Cell Count:            0
  Combinational Cell Count:      3693
  Sequential Cell Count:           80
  Macro Count:                      0
  -----------------------------------


  Area
  -----------------------------------
  Combinational Area:        0.000000
  Noncombinational Area:     0.000000
  Buf/Inv Area:              0.000000
  Total Buffer Area:             0.00
  Total Inverter Area:           0.00
  Macro/Black Box Area:      0.000000
  Net Area:               1139.052237
  -----------------------------------
  Cell Area:                 0.000000
  Design Area:            1139.052237


  Design Rules
  -----------------------------------
  Total Number of Nets:          3994
  Nets With Violations:             0
  Max Trans Violations:             0
  Max Cap Violations:               0
  -----------------------------------


  Hostname: AIHA

  Compile CPU Statistics
  -----------------------------------------
  Resource Sharing:                    0.00
  Logic Optimization:                  0.00
  Mapping Optimization:                0.00
  -----------------------------------------
  Overall Compile Time:                0.00
  Overall Compile Wall Clock Time:     0.00

  --------------------------------------------------------------------

  Design  WNS: 0.00  TNS: 0.00  Number of Violating Paths: 0


  Design (Hold)  WNS: 0.60  TNS: 46.39  Number of Violating Paths: 96

  --------------------------------------------------------------------


1
